Component: ARM Compiler 5.05 update 1 (build 106) Tool: armlink [4d0efa]

==============================================================================

Section Cross References

    system_stm32f10x.o(.text) refers to system_stm32f10x.o(.data) for SystemCoreClock
    mbot.o(.text) refers to delay.o(.text) for delay_init
    mbot.o(.text) refers to usart.o(.text) for uart_init
    mbot.o(.text) refers to stm32f10x_gpio.o(.text) for GPIO_PinRemapConfig
    mbot.o(.text) refers to led.o(.text) for LED_Init
    mbot.o(.text) refers to sys.o(.text) for MY_NVIC_PriorityGroupConfig
    mbot.o(.text) refers to motor.o(.text) for MBOT_PWM_Init
    mbot.o(.text) refers to usart3.o(.text) for uart3_init
    mbot.o(.text) refers to encoder.o(.text) for Encoder_Init_TIM2
    mbot.o(.text) refers to adc.o(.text) for Adc_Init
    mbot.o(.text) refers to ioi2c.o(.text) for IIC_Init
    mbot.o(.text) refers to mpu6050.o(.text) for MPU6050_initialize
    mbot.o(.text) refers to pid.o(.text) for PID_Init
    mbot.o(.text) refers to key.o(.text) for KEY_Init
    mbot.o(.text) refers to exti.o(.text) for MBOT_EXTI_Init
    mbot.o(.text) refers to ffix.o(x$fpl$ffix) for __aeabi_f2iz
    mbot.o(.text) refers to fflt_clz.o(x$fpl$fflt) for __aeabi_i2f
    mbot.o(.text) refers to mbotlinuxusart.o(.text) for usartSendSpeed
    mbot.o(.text) refers to mbot.o(.data) for Gyro_Turn
    mbot.o(.text) refers to pid.o(.data) for rightSpeedNow
    startup_stm32f10x_md.o(STACK) refers (Special) to heapauxi.o(.text) for __use_two_region_memory
    startup_stm32f10x_md.o(HEAP) refers (Special) to heapauxi.o(.text) for __use_two_region_memory
    startup_stm32f10x_md.o(RESET) refers (Special) to heapauxi.o(.text) for __use_two_region_memory
    startup_stm32f10x_md.o(RESET) refers to startup_stm32f10x_md.o(STACK) for __initial_sp
    startup_stm32f10x_md.o(RESET) refers to startup_stm32f10x_md.o(.text) for Reset_Handler
    startup_stm32f10x_md.o(RESET) refers to stm32f10x_it.o(.text) for NMI_Handler
    startup_stm32f10x_md.o(RESET) refers to encoder.o(.text) for TIM2_IRQHandler
    startup_stm32f10x_md.o(RESET) refers to usart.o(.text) for USART1_IRQHandler
    startup_stm32f10x_md.o(RESET) refers to usart3.o(.text) for USART3_IRQHandler
    startup_stm32f10x_md.o(RESET) refers to control.o(.text) for EXTI15_10_IRQHandler
    startup_stm32f10x_md.o(.text) refers (Special) to heapauxi.o(.text) for __use_two_region_memory
    startup_stm32f10x_md.o(.text) refers to system_stm32f10x.o(.text) for SystemInit
    startup_stm32f10x_md.o(.text) refers to __main.o(!!!main) for __main
    startup_stm32f10x_md.o(.text) refers to startup_stm32f10x_md.o(HEAP) for Heap_Mem
    startup_stm32f10x_md.o(.text) refers to startup_stm32f10x_md.o(STACK) for Stack_Mem
    stm32f10x_adc.o(.text) refers to stm32f10x_rcc.o(.text) for RCC_APB2PeriphResetCmd
    stm32f10x_gpio.o(.text) refers to stm32f10x_rcc.o(.text) for RCC_APB2PeriphResetCmd
    stm32f10x_i2c.o(.text) refers to stm32f10x_rcc.o(.text) for RCC_APB1PeriphResetCmd
    stm32f10x_tim.o(.text) refers to stm32f10x_rcc.o(.text) for RCC_APB2PeriphResetCmd
    stm32f10x_usart.o(.text) refers to stm32f10x_rcc.o(.text) for RCC_APB2PeriphResetCmd
    stm32f10x_rcc.o(.text) refers to stm32f10x_rcc.o(.data) for APBAHBPrescTable
    delay.o(.text) refers to misc.o(.text) for SysTick_CLKSourceConfig
    delay.o(.text) refers to system_stm32f10x.o(.data) for SystemCoreClock
    delay.o(.text) refers to delay.o(.data) for fac_us
    sys.o(.text) refers to sys.o(.emb_text) for WFI_SET
    usart.o(.text) refers (Special) to use_no_semi_2.o(.text) for __use_no_semihosting
    usart.o(.text) refers to stm32f10x_rcc.o(.text) for RCC_APB2PeriphClockCmd
    usart.o(.text) refers to stm32f10x_gpio.o(.text) for GPIO_Init
    usart.o(.text) refers to misc.o(.text) for NVIC_Init
    usart.o(.text) refers to stm32f10x_usart.o(.text) for USART_Init
    usart.o(.text) refers to mbotlinuxusart.o(.text) for receiveTo103
    usart.o(.text) refers to pid.o(.data) for rightSpeedSet
    usart.o(.data) refers (Special) to use_no_semi_2.o(.text) for __use_no_semihosting
    led.o(.text) refers to stm32f10x_rcc.o(.text) for RCC_APB2PeriphClockCmd
    led.o(.text) refers to stm32f10x_gpio.o(.text) for GPIO_Init
    led.o(.text) refers to led.o(.data) for temp
    adc.o(.text) refers to stm32f10x_rcc.o(.text) for RCC_APB2PeriphClockCmd
    adc.o(.text) refers to stm32f10x_gpio.o(.text) for GPIO_Init
    adc.o(.text) refers to stm32f10x_adc.o(.text) for ADC_DeInit
    adc.o(.text) refers to dflt_clz.o(x$fpl$dfltu) for __aeabi_ui2d
    adc.o(.text) refers to dmul.o(x$fpl$dmul) for __aeabi_dmul
    adc.o(.text) refers to ddiv.o(x$fpl$ddiv) for __aeabi_ddiv
    adc.o(.text) refers to dfix.o(x$fpl$dfix) for __aeabi_d2iz
    motor.o(.text) refers to stm32f10x_rcc.o(.text) for RCC_APB2PeriphClockCmd
    motor.o(.text) refers to stm32f10x_gpio.o(.text) for GPIO_Init
    motor.o(.text) refers to stm32f10x_tim.o(.text) for TIM_TimeBaseInit
[...]
    _handle_redirection                       - Undefined Weak Reference
    _init_alloc                               - Undefined Weak Reference
    _init_user_alloc                          - Undefined Weak Reference
    _initio                                   - Undefined Weak Reference
    _mutex_acquire                            - Undefined Weak Reference
    _mutex_release                            - Undefined Weak Reference
    _printf_post_padding                      - Undefined Weak Reference
    _printf_pre_padding                       - Undefined Weak Reference
    _printf_truncate_signed                   - Undefined Weak Reference
    _printf_truncate_unsigned                 - Undefined Weak Reference
    _rand_init                                - Undefined Weak Reference
    _signal_finish                            - Undefined Weak Reference
    _signal_init                              - Undefined Weak Reference
    _terminate_alloc                          - Undefined Weak Reference
    _terminate_user_alloc                     - Undefined Weak Reference
    _terminateio                              - Undefined Weak Reference
    __Vectors_Size                           0x000000ec   Number         0  startup_stm32f10x_md.o ABSOLUTE
    __Vectors                                0x08000000   Data           4  startup_stm32f10x_md.o(RESET)
    __Vectors_End                            0x080000ec   Data           0  startup_stm32f10x_md.o(RESET)
    __main                                   0x080000ed   Thumb Code     8  __main.o(!!!main)
    __scatterload                            0x080000f5   Thumb Code     0  __scatter.o(!!!scatter)
    __scatterload_rt2                        0x080000f5   Thumb Code    44  __scatter.o(!!!scatter)
    __scatterload_rt2_thumb_only             0x080000f5   Thumb Code     0  __scatter.o(!!!scatter)
    __scatterload_null                       0x08000103   Thumb Code     0  __scatter.o(!!!scatter)
    __decompress                             0x08000129   Thumb Code    90  __dczerorl2.o(!!dczerorl2)
    __decompress1                            0x08000129   Thumb Code     0  __dczerorl2.o(!!dczerorl2)
    __scatterload_zeroinit                   0x08000185   Thumb Code    28  __scatter_zi.o(!!handler_zi)
    _printf_d                                0x080001a1   Thumb Code     0  _printf_d.o(.ARM.Collect$$_printf_percent$$00000009)
    _printf_percent                          0x080001a1   Thumb Code     0  _printf_percent.o(.ARM.Collect$$_printf_percent$$00000000)
    _printf_percent_end                      0x080001a7   Thumb Code     0  _printf_percent_end.o(.ARM.Collect$$_printf_percent$$00000017)
    __rt_lib_init                            0x080001ab   Thumb Code     0  libinit.o(.ARM.Collect$$libinit$$00000000)
    __rt_lib_init_alloca_1                   0x080001ad   Thumb Code     0  libinit2.o(.ARM.Collect$$libinit$$0000002E)
    __rt_lib_init_argv_1                     0x080001ad   Thumb Code     0  libinit2.o(.ARM.Collect$$libinit$$0000002C)
    __rt_lib_init_atexit_1                   0x080001ad   Thumb Code     0  libinit2.o(.ARM.Collect$$libinit$$0000001B)
    __rt_lib_init_clock_1                    0x080001ad   Thumb Code     0  libinit2.o(.ARM.Collect$$libinit$$00000021)
    __rt_lib_init_cpp_1                      0x080001ad   Thumb Code     0  libinit2.o(.ARM.Collect$$libinit$$00000032)
    __rt_lib_init_exceptions_1               0x080001ad   Thumb Code     0  libinit2.o(.ARM.Collect$$libinit$$00000030)
    __rt_lib_init_fp_1                       0x080001ad   Thumb Code     0  libinit2.o(.ARM.Collect$$libinit$$00000002)
    __rt_lib_init_fp_trap_1                  0x080001ad   Thumb Code     0  libinit2.o(.ARM.Collect$$libinit$$0000001F)
    __rt_lib_init_getenv_1                   0x080001ad   Thumb Code     0  libinit2.o(.ARM.Collect$$libinit$$00000023)
    __rt_lib_init_heap_1                     0x080001ad   Thumb Code     0  libinit2.o(.ARM.Collect$$libinit$$0000000A)
    __rt_lib_init_lc_collate_1               0x080001ad   Thumb Code     0  libinit2.o(.ARM.Collect$$libinit$$00000011)
    __rt_lib_init_lc_ctype_1                 0x080001ad   Thumb Code     0  libinit2.o(.ARM.Collect$$libinit$$00000013)
    __rt_lib_init_lc_monetary_1              0x080001ad   Thumb Code     0  libinit2.o(.ARM.Collect$$libinit$$00000015)
    __rt_lib_init_lc_numeric_1               0x080001ad   Thumb Code     0  libinit2.o(.ARM.Collect$$libinit$$00000017)
    __rt_lib_init_lc_time_1                  0x080001ad   Thumb Code     0  libinit2.o(.ARM.Collect$$libinit$$00000019)
    __rt_lib_init_preinit_1                  0x080001ad   Thumb Code     0  libinit2.o(.ARM.Collect$$libinit$$00000004)
    __rt_lib_init_rand_1                     0x080001ad   Thumb Code     0  libinit2.o(.ARM.Collect$$libinit$$0000000E)
    __rt_lib_init_return                     0x080001ad   Thumb Code     0  libinit2.o(.ARM.Collect$$libinit$$00000033)
    __rt_lib_init_signal_1                   0x080001ad   Thumb Code     0  libinit2.o(.ARM.Collect$$libinit$$0000001D)
    __rt_lib_init_stdio_1                    0x080001ad   Thumb Code     0  libinit2.o(.ARM.Collect$$libinit$$00000025)
    __rt_lib_init_user_alloc_1               0x080001ad   Thumb Code     0  libinit2.o(.ARM.Collect$$libinit$$0000000C)
    __rt_lib_shutdown                        0x080001af   Thumb Code     0  libshutdown.o(.ARM.Collect$$libshutdown$$00000000)
    __rt_lib_shutdown_fp_trap_1              0x080001b1   Thumb Code     0  libshutdown2.o(.ARM.Collect$$libshutdown$$00000006)
    __rt_lib_shutdown_heap_1                 0x080001b1   Thumb Code     0  libshutdown2.o(.ARM.Collect$$libshutdown$$0000000E)
    __rt_lib_shutdown_return                 0x080001b1   Thumb Code     0  libshutdown2.o(.ARM.Collect$$libshutdown$$0000000F)
    __rt_lib_shutdown_signal_1               0x080001b1   Thumb Code     0  libshutdown2.o(.ARM.Collect$$libshutdown$$00000009)
    __rt_lib_shutdown_stdio_1                0x080001b1   Thumb Code     0  libshutdown2.o(.ARM.Collect$$libshutdown$$00000003)
    __rt_lib_shutdown_user_alloc_1           0x080001b1   Thumb Code     0  libshutdown2.o(.ARM.Collect$$libshutdown$$0000000B)
    __rt_entry                               0x080001b3   Thumb Code     0  __rtentry.o(.ARM.Collect$$rtentry$$00000000)
    __rt_entry_presh_1                       0x080001b3   Thumb Code     0  __rtentry2.o(.ARM.Collect$$rtentry$$00000002)
    __rt_entry_sh                            0x080001b3   Thumb Code     0  __rtentry4.o(.ARM.Collect$$rtentry$$00000004)
    __rt_entry_li                            0x080001b9   Thumb Code     0  __rtentry2.o(.ARM.Collect$$rtentry$$0000000A)
    __rt_entry_postsh_1                      0x080001b9   Thumb Code     0  __rtentry2.o(.ARM.Collect$$rtentry$$00000009)
    __rt_entry_main                          0x080001bd   Thumb Code     0  __rtentry2.o(.ARM.Collect$$rtentry$$0000000D)
    __rt_entry_postli_1                      0x080001bd   Thumb Code     0  __rtentry2.o(.ARM.Collect$$rtentry$$0000000C)
    __rt_exit                                0x080001c5   Thumb Code     0  rtexit.o(.ARM.Collect$$rtexit$$00000000)
    __rt_exit_ls                             0x080001c7   Thumb Code     0  rtexit2.o(.ARM.Collect$$rtexit$$00000003)
    __rt_exit_prels_1                        0x080001c7   Thumb Code     0  rtexit2.o(.ARM.Collect$$rtexit$$00000002)
    __rt_exit_exit                           0x080001cb   Thumb Code     0  rtexit2.o(.ARM.Collect$$rtexit$$00000004)
    WFI_SET                                  0x080001d1   Thumb Code     2  sys.o(.emb_text)
    INTX_DISABLE                             0x080001d3   Thumb Code     2  sys.o(.emb_text)
    INTX_ENABLE                              0x080001d5   Thumb Code     2  sys.o(.emb_text)
    MSR_MSP                                  0x080001d7   Thumb Code     6  sys.o(.emb_text)
    NMI_Handler                              0x080001dd   Thumb Code     2  stm32f10x_it.o(.text)
    HardFault_Handler                        0x080001df   Thumb Code     4  stm32f10x_it.o(.text)
    MemManage_Handler                        0x080001e3   Thumb Code     4  stm32f10x_it.o(.text)
    BusFault_Handler                         0x080001e7   Thumb Code     4  stm32f10x_it.o(.text)
    UsageFault_Handler                       0x080001eb   Thumb Code     4  stm32f10x_it.o(.text)
    SVC_Handler                              0x080001ef   Thumb Code     2  stm32f10x_it.o(.text)
    DebugMon_Handler                         0x080001f1   Thumb Code     2  stm32f10x_it.o(.text)
    PendSV_Handler                           0x080001f3   Thumb Code     2  stm32f10x_it.o(.text)
    SysTick_Handler                          0x080001f5   Thumb Code     2  stm32f10x_it.o(.text)
    SystemInit                               0x080002d7   Thumb Code    78  system_stm32f10x.o(.text)
    SystemCoreClockUpdate                    0x08000325   Thumb Code   142  system_stm32f10x.o(.text)
    main                                     0x080003d9   Thumb Code   162  mbot.o(.text)
    Reset_Handler                            0x08000499   Thumb Code     8  startup_stm32f10x_md.o(.text)
    ADC1_2_IRQHandler                        0x080004b3   Thumb Code     0  startup_stm32f10x_md.o(.text)
    CAN1_RX1_IRQHandler                      0x080004b3   Thumb Code     0  startup_stm32f10x_md.o(.text)
    CAN1_SCE_IRQHandler                      0x080004b3   Thumb Code     0  startup_stm32f10x_md.o(.text)
    DMA1_Channel1_IRQHandler                 0x080004b3   Thumb Code     0  startup_stm32f10x_md.o(.text)
    DMA1_Channel2_IRQHandler                 0x080004b3   Thumb Code     0  startup_stm32f10x_md.o(.text)
    DMA1_Channel3_IRQHandler                 0x080004b3   Thumb Code     0  startup_stm32f10x_md.o(.text)
    DMA1_Channel4_IRQHandler                 0x080004b3   Thumb Code     0  startup_stm32f10x_md.o(.text)
    DMA1_Channel5_IRQHandler                 0x080004b3   Thumb Code     0  startup_stm32f10x_md.o(.text)
    DMA1_Channel6_IRQHandler                 0x080004b3   Thumb Code     0  startup_stm32f10x_md.o(.text)
    DMA1_Channel7_IRQHandler                 0x080004b3   Thumb Code     0  startup_stm32f10x_md.o(.text)
    EXTI0_IRQHandler                         0x080004b3   Thumb Code     0  startup_stm32f10x_md.o(.text)
    EXTI1_IRQHandler                         0x080004b3   Thumb Code     0  startup_stm32f10x_md.o(.text)
    EXTI2_IRQHandler                         0x080004b3   Thumb Code     0  startup_stm32f10x_md.o(.text)
    EXTI3_IRQHandler                         0x080004b3   Thumb Code     0  startup_stm32f10x_md.o(.text)
    EXTI4_IRQHandler                         0x080004b3   Thumb Code     0  startup_stm32f10x_md.o(.text)
    EXTI9_5_IRQHandler                       0x080004b3   Thumb Code     0  startup_stm32f10x_md.o(.text)
    FLASH_IRQHandler                         0x080004b3   Thumb Code     0  startup_stm32f10x_md.o(.text)
    I2C1_ER_IRQHandler                       0x080004b3   Thumb Code     0  startup_stm32f10x_md.o(.text)
    I2C1_EV_IRQHandler                       0x080004b3   Thumb Code     0  startup_stm32f10x_md.o(.text)
    I2C2_ER_IRQHandler                       0x080004b3   Thumb Code     0  startup_stm32f10x_md.o(.text)
    I2C2_EV_IRQHandler                       0x080004b3   Thumb Code     0  startup_stm32f10x_md.o(.text)
    PVD_IRQHandler                           0x080004b3   Thumb Code     0  startup_stm32f10x_md.o(.text)
    RCC_IRQHandler                           0x080004b3   Thumb Code     0  startup_stm32f10x_md.o(.text)
    RTCAlarm_IRQHandler                      0x080004b3   Thumb Code     0  startup_stm32f10x_md.o(.text)
    RTC_IRQHandler                           0x080004b3   Thumb Code     0  startup_stm32f10x_md.o(.text)
    SPI1_IRQHandler                          0x080004b3   Thumb Code     0  startup_stm32f10x_md.o(.text)
    SPI2_IRQHandler                          0x080004b3   Thumb Code     0  startup_stm32f10x_md.o(.text)
    TAMPER_IRQHandler                        0x080004b3   Thumb Code     0  startup_stm32f10x_md.o(.text)
    TIM1_BRK_IRQHandler                      0x080004b3   Thumb Code     0  startup_stm32f10x_md.o(.text)
    TIM1_CC_IRQHandler                       0x080004b3   Thumb Code     0  startup_stm32f10x_md.o(.text)
    TIM1_TRG_COM_IRQHandler                  0x080004b3   Thumb Code     0  startup_stm32f10x_md.o(.text)
    TIM1_UP_IRQHandler                       0x080004b3   Thumb Code     0  startup_stm32f10x_md.o(.text)
    TIM3_IRQHandler                          0x080004b3   Thumb Code     0  startup_stm32f10x_md.o(.text)
    USART2_IRQHandler                        0x080004b3   Thumb Code     0  startup_stm32f10x_md.o(.text)
    USBWakeUp_IRQHandler                     0x080004b3   Thumb Code     0  startup_stm32f10x_md.o(.text)
    USB_HP_CAN1_TX_IRQHandler                0x080004b3   Thumb Code     0  startup_stm32f10x_md.o(.text)
    USB_LP_CAN1_RX0_IRQHandler               0x080004b3   Thumb Code     0  startup_stm32f10x_md.o(.text)
    WWDG_IRQHandler                          0x080004b3   Thumb Code     0  startup_stm32f10x_md.o(.text)
    __user_initial_stackheap                 0x080004b5   Thumb Code     0  startup_stm32f10x_md.o(.text)
    ADC_DeInit                               0x080004d9   Thumb Code    78  stm32f10x_adc.o(.text)
    ADC_Init                                 0x08000527   Thumb Code    70  stm32f10x_adc.o(.text)
    ADC_StructInit                           0x0800056d   Thumb Code    18  stm32f10x_adc.o(.text)
    ADC_Cmd                                  0x0800057f   Thumb Code    22  stm32f10x_adc.o(.text)
    ADC_DMACmd                               0x08000595   Thumb Code    22  stm32f10x_adc.o(.text)
    ADC_ITConfig                             0x080005ab   Thumb Code    24  stm32f10x_adc.o(.text)
    ADC_ResetCalibration                     0x080005c3   Thumb Code    10  stm32f10x_adc.o(.text)
    ADC_GetResetCalibrationStatus            0x080005cd   Thumb Code    20  stm32f10x_adc.o(.text)
    ADC_StartCalibration                     0x080005e1   Thumb Code    10  stm32f10x_adc.o(.text)
    ADC_GetCalibrationStatus                 0x080005eb   Thumb Code    20  stm32f10x_adc.o(.text)
    ADC_SoftwareStartConvCmd                 0x080005ff   Thumb Code    22  stm32f10x_adc.o(.text)
    ADC_GetSoftwareStartConvStatus           0x08000615   Thumb Code    20  stm32f10x_adc.o(.text)
    ADC_DiscModeChannelCountConfig           0x08000629   Thumb Code    24  stm32f10x_adc.o(.text)
    ADC_DiscModeCmd                          0x08000641   Thumb Code    22  stm32f10x_adc.o(.text)
    ADC_RegularChannelConfig                 0x08000657   Thumb Code   184  stm32f10x_adc.o(.text)
    ADC_ExternalTrigConvCmd                  0x0800070f   Thumb Code    22  stm32f10x_adc.o(.text)
    ADC_GetConversionValue                   0x08000725   Thumb Code     8  stm32f10x_adc.o(.text)
    ADC_GetDualModeConversionValue           0x0800072d   Thumb Code     8  stm32f10x_adc.o(.text)
    ADC_AutoInjectedConvCmd                  0x08000735   Thumb Code    22  stm32f10x_adc.o(.text)
    ADC_InjectedDiscModeCmd                  0x0800074b   Thumb Code    22  stm32f10x_adc.o(.text)
    ADC_ExternalTrigInjectedConvConfig       0x08000761   Thumb Code    16  stm32f10x_adc.o(.text)
    ADC_ExternalTrigInjectedConvCmd          0x08000771   Thumb Code    22  stm32f10x_adc.o(.text)
    ADC_SoftwareStartInjectedConvCmd         0x08000787   Thumb Code    22  stm32f10x_adc.o(.text)
    ADC_GetSoftwareStartInjectedConvCmdStatus 0x0800079d   Thumb Code    20  stm32f10x_adc.o(.text)
    ADC_InjectedChannelConfig                0x080007b1   Thumb Code   130  stm32f10x_adc.o(.text)
    ADC_InjectedSequencerLengthConfig        0x08000833   Thumb Code    24  stm32f10x_adc.o(.text)
    ADC_SetInjectedOffset                    0x0800084b   Thumb Code    20  stm32f10x_adc.o(.text)
    ADC_GetInjectedConversionValue           0x0800085f   Thumb Code    28  stm32f10x_adc.o(.text)
    ADC_AnalogWatchdogCmd                    0x0800087b   Thumb Code    16  stm32f10x_adc.o(.text)
    ADC_AnalogWatchdogThresholdsConfig       0x0800088b   Thumb Code     6  stm32f10x_adc.o(.text)
    ADC_AnalogWatchdogSingleChannelConfig    0x08000891   Thumb Code    16  stm32f10x_adc.o(.text)
    ADC_TempSensorVrefintCmd                 0x080008a1   Thumb Code    64  stm32f10x_adc.o(.text)
    ADC_GetFlagStatus                        0x080008e1   Thumb Code    18  stm32f10x_adc.o(.text)
    ADC_ClearFlag                            0x080008f3   Thumb Code     6  stm32f10x_adc.o(.text)
    ADC_GetITStatus                          0x080008f9   Thumb Code    36  stm32f10x_adc.o(.text)
    ADC_ClearITPendingBit                    0x0800091d   Thumb Code    10  stm32f10x_adc.o(.text)
    GPIO_DeInit                              0x08000929   Thumb Code   172  stm32f10x_gpio.o(.text)
    GPIO_AFIODeInit                          0x080009d5   Thumb Code    20  stm32f10x_gpio.o(.text)
    GPIO_Init                                0x080009e9   Thumb Code   278  stm32f10x_gpio.o(.text)
    GPIO_StructInit                          0x08000aff   Thumb Code    16  stm32f10x_gpio.o(.text)
    GPIO_ReadInputDataBit                    0x08000b0f   Thumb Code    18  stm32f10x_gpio.o(.text)
    GPIO_ReadInputData                       0x08000b21   Thumb Code     8  stm32f10x_gpio.o(.text)
    GPIO_ReadOutputDataBit                   0x08000b29   Thumb Code    18  stm32f10x_gpio.o(.text)
    GPIO_ReadOutputData                      0x08000b3b   Thumb Code     8  stm32f10x_gpio.o(.text)
    GPIO_SetBits                             0x08000b43   Thumb Code     4  stm32f10x_gpio.o(.text)
    GPIO_ResetBits                           0x08000b47   Thumb Code     4  stm32f10x_gpio.o(.text)
    GPIO_WriteBit                            0x08000b4b   Thumb Code    10  stm32f10x_gpio.o(.text)
    GPIO_Write                               0x08000b55   Thumb Code     4  stm32f10x_gpio.o(.text)
    GPIO_PinLockConfig                       0x08000b59   Thumb Code    18  stm32f10x_gpio.o(.text)
    GPIO_EventOutputConfig                   0x08000b6b   Thumb Code    26  stm32f10x_gpio.o(.text)
    GPIO_EventOutputCmd                      0x08000b85   Thumb Code     6  stm32f10x_gpio.o(.text)
    GPIO_PinRemapConfig                      0x08000b8b   Thumb Code   138  stm32f10x_gpio.o(.text)
    GPIO_EXTILineConfig                      0x08000c15   Thumb Code    66  stm32f10x_gpio.o(.text)
    GPIO_ETH_MediaInterfaceConfig            0x08000c57   Thumb Code     8  stm32f10x_gpio.o(.text)
    TIM_DeInit                               0x08000c85   Thumb Code   424  stm32f10x_tim.o(.text)
    TIM_TimeBaseInit                         0x08000e2d   Thumb Code   122  stm32f10x_tim.o(.text)
    TIM_OC1Init                              0x08000ea7   Thumb Code   132  stm32f10x_tim.o(.text)
    TIM_OC2Init                              0x08000f2b   Thumb Code   154  stm32f10x_tim.o(.text)
    TIM_OC3Init                              0x08000fc5   Thumb Code   150  stm32f10x_tim.o(.text)
    TIM_OC4Init                              0x0800105b   Thumb Code   182  stm32f10x_tim.o(.text)
    TIM_SetIC4Prescaler                      0x08001111   Thumb Code    26  stm32f10x_tim.o(.text)
    TIM_SetIC3Prescaler                      0x080011ad   Thumb Code    18  stm32f10x_tim.o(.text)
    TIM_SetIC2Prescaler                      0x08001239   Thumb Code    26  stm32f10x_tim.o(.text)
    TIM_SetIC1Prescaler                      0x080012d5   Thumb Code    18  stm32f10x_tim.o(.text)
    TIM_ICInit                               0x08001353   Thumb Code   150  stm32f10x_tim.o(.text)
    TIM_PWMIConfig                           0x080013e9   Thumb Code   124  stm32f10x_tim.o(.text)
    TIM_BDTRConfig                           0x08001465   Thumb Code    32  stm32f10x_tim.o(.text)
    TIM_TimeBaseStructInit                   0x08001485   Thumb Code    18  stm32f10x_tim.o(.text)
    TIM_OCStructInit                         0x08001497   Thumb Code    20  stm32f10x_tim.o(.text)
    TIM_ICStructInit                         0x080014ab   Thumb Code    18  stm32f10x_tim.o(.text)
    TIM_BDTRStructInit                       0x080014bd   Thumb Code    40  stm32f10x_tim.o(.text)
    TIM_Cmd                                  0x080014e5   Thumb Code    24  stm32f10x_tim.o(.text)
    TIM_CtrlPWMOutputs                       0x080014fd   Thumb Code    30  stm32f10x_tim.o(.text)
    TIM_ITConfig                             0x0800151b   Thumb Code    18  stm32f10x_tim.o(.text)
    TIM_GenerateEvent                        0x0800152d   Thumb Code     4  stm32f10x_tim.o(.text)
    TIM_DMAConfig                            0x08001531   Thumb Code    10  stm32f10x_tim.o(.text)
    TIM_DMACmd                               0x0800153b   Thumb Code    18  stm32f10x_tim.o(.text)
    TIM_InternalClockConfig                  0x0800154d   Thumb Code    12  stm32f10x_tim.o(.text)
    TIM_SelectInputTrigger                   0x08001559   Thumb Code    18  stm32f10x_tim.o(.text)
    TIM_ITRxExternalClockConfig              0x0800156b   Thumb Code    24  stm32f10x_tim.o(.text)
    TIM_TIxExternalClockConfig               0x08001583   Thumb Code    62  stm32f10x_tim.o(.text)
    TIM_ETRConfig                            0x080015c1   Thumb Code    28  stm32f10x_tim.o(.text)
    TIM_ETRClockMode1Config                  0x080015dd   Thumb Code    54  stm32f10x_tim.o(.text)
    TIM_ETRClockMode2Config                  0x08001613   Thumb Code    32  stm32f10x_tim.o(.text)
    TIM_PrescalerConfig                      0x08001633   Thumb Code     6  stm32f10x_tim.o(.text)
    TIM_CounterModeConfig                    0x08001639   Thumb Code    18  stm32f10x_tim.o(.text)
    TIM_EncoderInterfaceConfig               0x0800164b   Thumb Code    66  stm32f10x_tim.o(.text)
    TIM_ForcedOC1Config                      0x0800168d   Thumb Code    18  stm32f10x_tim.o(.text)
    TIM_ForcedOC2Config                      0x0800169f   Thumb Code    26  stm32f10x_tim.o(.text)
    TIM_ForcedOC3Config                      0x080016b9   Thumb Code    18  stm32f10x_tim.o(.text)
    TIM_ForcedOC4Config                      0x080016cb   Thumb Code    26  stm32f10x_tim.o(.text)
    TIM_ARRPreloadConfig                     0x080016e5   Thumb Code    24  stm32f10x_tim.o(.text)
    TIM_SelectCOM                            0x080016fd   Thumb Code    24  stm32f10x_tim.o(.text)
    TIM_SelectCCDMA                          0x08001715   Thumb Code    24  stm32f10x_tim.o(.text)
    TIM_CCPreloadControl                     0x0800172d   Thumb Code    24  stm32f10x_tim.o(.text)
    TIM_OC1PreloadConfig                     0x08001745   Thumb Code    18  stm32f10x_tim.o(.text)
    TIM_OC2PreloadConfig                     0x08001757   Thumb Code    26  stm32f10x_tim.o(.text)
    TIM_OC3PreloadConfig                     0x08001771   Thumb Code    18  stm32f10x_tim.o(.text)
    TIM_OC4PreloadConfig                     0x08001783   Thumb Code    26  stm32f10x_tim.o(.text)
    TIM_OC1FastConfig                        0x0800179d   Thumb Code    18  stm32f10x_tim.o(.text)
    TIM_OC2FastConfig                        0x080017af   Thumb Code    26  stm32f10x_tim.o(.text)
    TIM_OC3FastConfig                        0x080017c9   Thumb Code    18  stm32f10x_tim.o(.text)
    TIM_OC4FastConfig                        0x080017db   Thumb Code    26  stm32f10x_tim.o(.text)
    TIM_ClearOC1Ref                          0x080017f5   Thumb Code    18  stm32f10x_tim.o(.text)
    TIM_ClearOC2Ref                          0x08001807   Thumb Code    24  stm32f10x_tim.o(.text)
    TIM_ClearOC3Ref                          0x0800181f   Thumb Code    18  stm32f10x_tim.o(.text)
    TIM_ClearOC4Ref                          0x08001831   Thumb Code    24  stm32f10x_tim.o(.text)
    TIM_OC1PolarityConfig                    0x08001849   Thumb Code    18  stm32f10x_tim.o(.text)
    TIM_OC1NPolarityConfig                   0x0800185b   Thumb Code    18  stm32f10x_tim.o(.text)
    TIM_OC2PolarityConfig                    0x0800186d   Thumb Code    26  stm32f10x_tim.o(.text)
    TIM_OC2NPolarityConfig                   0x08001887   Thumb Code    26  stm32f10x_tim.o(.text)
    TIM_OC3PolarityConfig                    0x080018a1   Thumb Code    26  stm32f10x_tim.o(.text)
    TIM_OC3NPolarityConfig                   0x080018bb   Thumb Code    26  stm32f10x_tim.o(.text)
    TIM_OC4PolarityConfig                    0x080018d5   Thumb Code    26  stm32f10x_tim.o(.text)
    TIM_CCxCmd                               0x080018ef   Thumb Code    30  stm32f10x_tim.o(.text)
    TIM_CCxNCmd                              0x0800190d   Thumb Code    30  stm32f10x_tim.o(.text)
    TIM_SelectOCxM                           0x0800192b   Thumb Code    82  stm32f10x_tim.o(.text)
    TIM_UpdateDisableConfig                  0x0800197d   Thumb Code    24  stm32f10x_tim.o(.text)
    TIM_UpdateRequestConfig                  0x08001995   Thumb Code    24  stm32f10x_tim.o(.text)
    TIM_SelectHallSensor                     0x080019ad   Thumb Code    24  stm32f10x_tim.o(.text)
    TIM_SelectOnePulseMode                   0x080019c5   Thumb Code    18  stm32f10x_tim.o(.text)
    TIM_SelectOutputTrigger                  0x080019d7   Thumb Code    18  stm32f10x_tim.o(.text)
    TIM_SelectSlaveMode                      0x080019e9   Thumb Code    18  stm32f10x_tim.o(.text)
    TIM_SelectMasterSlaveMode                0x080019fb   Thumb Code    18  stm32f10x_tim.o(.text)
    TIM_SetCounter                           0x08001a0d   Thumb Code     4  stm32f10x_tim.o(.text)
    TIM_SetAutoreload                        0x08001a11   Thumb Code     4  stm32f10x_tim.o(.text)
    TIM_SetCompare1                          0x08001a15   Thumb Code     4  stm32f10x_tim.o(.text)
    TIM_SetCompare2                          0x08001a19   Thumb Code     4  stm32f10x_tim.o(.text)
    TIM_SetCompare3                          0x08001a1d   Thumb Code     4  stm32f10x_tim.o(.text)
    TIM_SetCompare4                          0x08001a21   Thumb Code     6  stm32f10x_tim.o(.text)
    TIM_SetClockDivision                     0x08001a27   Thumb Code    18  stm32f10x_tim.o(.text)
    TIM_GetCapture1                          0x08001a39   Thumb Code     6  stm32f10x_tim.o(.text)
    TIM_GetCapture2                          0x08001a3f   Thumb Code     6  stm32f10x_tim.o(.text)
    TIM_GetCapture3                          0x08001a45   Thumb Code     6  stm32f10x_tim.o(.text)
    TIM_GetCapture4                          0x08001a4b   Thumb Code     8  stm32f10x_tim.o(.text)
    TIM_GetCounter                           0x08001a53   Thumb Code     6  stm32f10x_tim.o(.text)
    TIM_GetPrescaler                         0x08001a59   Thumb Code     6  stm32f10x_tim.o(.text)
    TIM_GetFlagStatus                        0x08001a5f   Thumb Code    18  stm32f10x_tim.o(.text)
    TIM_ClearFlag                            0x08001a71   Thumb Code     6  stm32f10x_tim.o(.text)
    TIM_GetITStatus                          0x08001a77   Thumb Code    34  stm32f10x_tim.o(.text)
    TIM_ClearITPendingBit                    0x08001a99   Thumb Code     6  stm32f10x_tim.o(.text)
    USART_DeInit                             0x08001aa1   Thumb Code   134  stm32f10x_usart.o(.text)
    USART_Init                               0x08001b27   Thumb Code   210  stm32f10x_usart.o(.text)
    USART_StructInit                         0x08001bf9   Thumb Code    24  stm32f10x_usart.o(.text)
    USART_ClockInit                          0x08001c11   Thumb Code    34  stm32f10x_usart.o(.text)
    USART_ClockStructInit                    0x08001c33   Thumb Code    12  stm32f10x_usart.o(.text)
    USART_Cmd                                0x08001c3f   Thumb Code    24  stm32f10x_usart.o(.text)
    USART_ITConfig                           0x08001c57   Thumb Code    74  stm32f10x_usart.o(.text)
    USART_DMACmd                             0x08001ca1   Thumb Code    18  stm32f10x_usart.o(.text)
    USART_SetAddress                         0x08001cb3   Thumb Code    18  stm32f10x_usart.o(.text)
    USART_WakeUpConfig                       0x08001cc5   Thumb Code    18  stm32f10x_usart.o(.text)
    USART_ReceiverWakeUpCmd                  0x08001cd7   Thumb Code    24  stm32f10x_usart.o(.text)
    USART_LINBreakDetectLengthConfig         0x08001cef   Thumb Code    18  stm32f10x_usart.o(.text)
    USART_LINCmd                             0x08001d01   Thumb Code    24  stm32f10x_usart.o(.text)
    USART_SendData                           0x08001d19   Thumb Code     8  stm32f10x_usart.o(.text)
    USART_ReceiveData                        0x08001d21   Thumb Code    10  stm32f10x_usart.o(.text)
    USART_SendBreak                          0x08001d2b   Thumb Code    10  stm32f10x_usart.o(.text)
    USART_SetGuardTime                       0x08001d35   Thumb Code    16  stm32f10x_usart.o(.text)
    USART_SetPrescaler                       0x08001d45   Thumb Code    16  stm32f10x_usart.o(.text)
    USART_SmartCardCmd                       0x08001d55   Thumb Code    24  stm32f10x_usart.o(.text)
    USART_SmartCardNACKCmd                   0x08001d6d   Thumb Code    24  stm32f10x_usart.o(.text)
    USART_HalfDuplexCmd                      0x08001d85   Thumb Code    24  stm32f10x_usart.o(.text)
    USART_OverSampling8Cmd                   0x08001d9d   Thumb Code    22  stm32f10x_usart.o(.text)
    USART_OneBitMethodCmd                    0x08001db3   Thumb Code    24  stm32f10x_usart.o(.text)
    USART_IrDAConfig                         0x08001dcb   Thumb Code    18  stm32f10x_usart.o(.text)
    USART_IrDACmd                            0x08001ddd   Thumb Code    24  stm32f10x_usart.o(.text)
    USART_GetFlagStatus                      0x08001df5   Thumb Code    26  stm32f10x_usart.o(.text)
    USART_ClearFlag                          0x08001e0f   Thumb Code    18  stm32f10x_usart.o(.text)
    USART_GetITStatus                        0x08001e21   Thumb Code    84  stm32f10x_usart.o(.text)
    USART_ClearITPendingBit                  0x08001e75   Thumb Code    52  stm32f10x_usart.o(.text)
    RCC_DeInit                               0x08001ea9   Thumb Code    64  stm32f10x_rcc.o(.text)
    RCC_HSEConfig                            0x08001ee9   Thumb Code    70  stm32f10x_rcc.o(.text)
    RCC_GetFlagStatus                        0x08001f2f   Thumb Code    56  stm32f10x_rcc.o(.text)
    RCC_WaitForHSEStartUp                    0x08001f67   Thumb Code    56  stm32f10x_rcc.o(.text)
    RCC_AdjustHSICalibrationValue            0x08001f9f   Thumb Code    20  stm32f10x_rcc.o(.text)
    RCC_HSICmd                               0x08001fb3   Thumb Code     6  stm32f10x_rcc.o(.text)
    RCC_PLLConfig                            0x08001fb9   Thumb Code    24  stm32f10x_rcc.o(.text)
    RCC_PLLCmd                               0x08001fd1   Thumb Code     6  stm32f10x_rcc.o(.text)
    RCC_SYSCLKConfig                         0x08001fd7   Thumb Code    18  stm32f10x_rcc.o(.text)
    RCC_GetSYSCLKSource                      0x08001fe9   Thumb Code    10  stm32f10x_rcc.o(.text)
    RCC_HCLKConfig                           0x08001ff3   Thumb Code    18  stm32f10x_rcc.o(.text)
    RCC_PCLK1Config                          0x08002005   Thumb Code    18  stm32f10x_rcc.o(.text)
    RCC_PCLK2Config                          0x08002017   Thumb Code    20  stm32f10x_rcc.o(.text)
    RCC_ITConfig                             0x0800202b   Thumb Code    26  stm32f10x_rcc.o(.text)
    RCC_USBCLKConfig                         0x08002045   Thumb Code     8  stm32f10x_rcc.o(.text)
    RCC_ADCCLKConfig                         0x0800204d   Thumb Code    18  stm32f10x_rcc.o(.text)
    RCC_LSEConfig                            0x0800205f   Thumb Code    50  stm32f10x_rcc.o(.text)
    RCC_LSICmd                               0x08002091   Thumb Code     6  stm32f10x_rcc.o(.text)
    RCC_RTCCLKConfig                         0x08002097   Thumb Code    12  stm32f10x_rcc.o(.text)
    RCC_RTCCLKCmd                            0x080020a3   Thumb Code     8  stm32f10x_rcc.o(.text)
    RCC_GetClocksFreq                        0x080020ab   Thumb Code   192  stm32f10x_rcc.o(.text)
    RCC_AHBPeriphClockCmd                    0x0800216b   Thumb Code    26  stm32f10x_rcc.o(.text)
    RCC_APB2PeriphClockCmd                   0x08002185   Thumb Code    26  stm32f10x_rcc.o(.text)
    RCC_APB1PeriphClockCmd                   0x0800219f   Thumb Code    26  stm32f10x_rcc.o(.text)
    RCC_APB2PeriphResetCmd                   0x080021b9   Thumb Code    26  stm32f10x_rcc.o(.text)
    RCC_APB1PeriphResetCmd                   0x080021d3   Thumb Code    26  stm32f10x_rcc.o(.text)
    RCC_BackupResetCmd                       0x080021ed   Thumb Code     8  stm32f10x_rcc.o(.text)
    RCC_ClockSecuritySystemCmd               0x080021f5   Thumb Code     6  stm32f10x_rcc.o(.text)
    RCC_MCOConfig                            0x080021fb   Thumb Code     6  stm32f10x_rcc.o(.text)
    RCC_ClearFlag                            0x08002201   Thumb Code    14  stm32f10x_rcc.o(.text)
    RCC_GetITStatus                          0x0800220f   Thumb Code    20  stm32f10x_rcc.o(.text)
    RCC_ClearITPendingBit                    0x08002223   Thumb Code     6  stm32f10x_rcc.o(.text)
    NVIC_PriorityGroupConfig                 0x0800224d   Thumb Code    10  misc.o(.text)
    NVIC_Init                                0x08002257   Thumb Code   100  misc.o(.text)
    NVIC_SetVectorTable                      0x080022bb   Thumb Code    14  misc.o(.text)
    NVIC_SystemLPConfig                      0x080022c9   Thumb Code    34  misc.o(.text)
    SysTick_CLKSourceConfig                  0x080022eb   Thumb Code    40  misc.o(.text)
    EXTI_DeInit                              0x08002329   Thumb Code    28  stm32f10x_exti.o(.text)
    EXTI_Init                                0x08002345   Thumb Code   142  stm32f10x_exti.o(.text)
    EXTI_StructInit                          0x080023d3   Thumb Code    16  stm32f10x_exti.o(.text)
    EXTI_GenerateSWInterrupt                 0x080023e3   Thumb Code    16  stm32f10x_exti.o(.text)
    EXTI_GetFlagStatus                       0x080023f3   Thumb Code    22  stm32f10x_exti.o(.text)
    EXTI_ClearFlag                           0x08002409   Thumb Code     8  stm32f10x_exti.o(.text)
    EXTI_GetITStatus                         0x08002411   Thumb Code    34  stm32f10x_exti.o(.text)
    EXTI_ClearITPendingBit                   0x08002433   Thumb Code     8  stm32f10x_exti.o(.text)
    delay_init                               0x08002445   Thumb Code    50  delay.o(.text)
    delay_us                                 0x08002477   Thumb Code    72  delay.o(.text)
    delay_ms                                 0x080024bf   Thumb Code    72  delay.o(.text)
    MY_NVIC_SetVectorTable                   0x08002519   Thumb Code    12  sys.o(.text)
    MY_NVIC_PriorityGroupConfig              0x08002525   Thumb Code    36  sys.o(.text)
    MY_NVIC_Init                             0x08002549   Thumb Code   116  sys.o(.text)
    Ex_NVIC_Config                           0x080025bd   Thumb Code   146  sys.o(.text)
    MYRCC_DeInit                             0x0800264f   Thumb Code    90  sys.o(.text)
    Sys_Standby                              0x080026a9   Thumb Code    68  sys.o(.text)
    Sys_Soft_Reset                           0x080026ed   Thumb Code    12  sys.o(.text)
    JTAG_Set                                 0x080026f9   Thumb Code    42  sys.o(.text)
    Stm32_Clock_Init                         0x08002723   Thumb Code   134  sys.o(.text)
    _sys_exit                                0x080027d5   Thumb Code     6  usart.o(.text)
    fputc                                    0x080027db   Thumb Code    24  usart.o(.text)
    uart_init                                0x080027f3   Thumb Code   154  usart.o(.text)
    USART1_IRQHandler                        0x0800288d   Thumb Code    34  usart.o(.text)
    LED_Init                                 0x080028c5   Thumb Code    36  led.o(.text)
    Led_Flash                                0x080028e9   Thumb Code    44  led.o(.text)
    Adc_Init                                 0x08002925   Thumb Code   132  adc.o(.text)
    Get_Adc                                  0x080029a9   Thumb Code    46  adc.o(.text)
    Get_battery_volt                         0x080029d7   Thumb Code    78  adc.o(.text)
    MBOT_Motor_Init                          0x08002a3d   Thumb Code    40  motor.o(.text)
    MBOT_PWM_Init                            0x08002a65   Thumb Code   164  motor.o(.text)
    Encoder_Init_TIM2                        0x08002b15   Thumb Code   164  encoder.o(.text)
    Encoder_Init_TIM4                        0x08002bb9   Thumb Code   158  encoder.o(.text)
    getTIMx_DetaCnt                          0x08002c57   Thumb Code    20  encoder.o(.text)
    TIM_Left_Wheel_Irq                       0x08002c6b   Thumb Code    42  encoder.o(.text)
    TIM_Right_Wheel_Irq                      0x08002c95   Thumb Code    44  encoder.o(.text)
    TIM4_IRQHandler                          0x08002cc1   Thumb Code    24  encoder.o(.text)
    TIM2_IRQHandler                          0x08002cd9   Thumb Code    24  encoder.o(.text)
    IIC_Init                                 0x08002d05   Thumb Code    40  ioi2c.o(.text)
    IIC_Start                                0x08002d2d   Thumb Code    96  ioi2c.o(.text)
    IIC_Stop                                 0x08002d8d   Thumb Code    68  ioi2c.o(.text)
    IIC_Wait_Ack                             0x08002dd1   Thumb Code    96  ioi2c.o(.text)
    IIC_Ack                                  0x08002e31   Thumb Code    72  ioi2c.o(.text)
    IIC_NAck                                 0x08002e79   Thumb Code    70  ioi2c.o(.text)
    IIC_Send_Byte                            0x08002ebf   Thumb Code    94  ioi2c.o(.text)
    i2cWrite                                 0x08002f1d   Thumb Code    96  ioi2c.o(.text)
    IIC_Read_Byte                            0x08002f7d   Thumb Code   104  ioi2c.o(.text)
    i2cRead                                  0x08002fe5   Thumb Code   118  ioi2c.o(.text)
    I2C_ReadOneByte                          0x0800305b   Thumb Code    70  ioi2c.o(.text)
    IICreadBytes                             0x080030a1   Thumb Code   112  ioi2c.o(.text)
    IICwriteBytes                            0x08003111   Thumb Code    70  ioi2c.o(.text)
    IICreadByte                              0x08003157   Thumb Code    22  ioi2c.o(.text)
    IICwriteByte                             0x0800316d   Thumb Code    20  ioi2c.o(.text)
    IICwriteBits                             0x08003181   Thumb Code   106  ioi2c.o(.text)
    IICwriteBit                              0x080031eb   Thumb Code    64  ioi2c.o(.text)
    uart3_init                               0x0800322d   Thumb Code   158  usart3.o(.text)
    USART3_IRQHandler                        0x080032cb   Thumb Code   296  usart3.o(.text)
    MBOT_EXTI_Init                           0x08003419   Thumb Code   108  exti.o(.text)
    KEY_Init                                 0x08003489   Thumb Code    32  key.o(.text)
    click_N_Double                           0x080034a9   Thumb Code   184  key.o(.text)
    click                                    0x08003561   Thumb Code    38  key.o(.text)
    Long_Press                               0x08003587   Thumb Code    72  key.o(.text)
    myabs                                    0x080035f9   Thumb Code    14  control.o(.text)
    Set_Pwm                                  0x08003607   Thumb Code   102  control.o(.text)
    Turn_Off                                 0x0800366d   Thumb Code    46  control.o(.text)
    Xianfu_Pwm                               0x0800369b   Thumb Code    62  control.o(.text)
    App_main                                 0x080036d9   Thumb Code   198  control.o(.text)
    Key                                      0x0800379f   Thumb Code    30  control.o(.text)
    Get_Angle                                0x080037bd   Thumb Code    54  control.o(.text)
    EXTI15_10_IRQHandler                     0x080037f3   Thumb Code   416  control.o(.text)
    mpu_reg_dump                             0x08003ac7   Thumb Code    72  inv_mpu.o(.text)
    mpu_read_reg                             0x08003b0f   Thumb Code    66  inv_mpu.o(.text)
    mpu_set_int_latched                      0x08003b51   Thumb Code   102  inv_mpu.o(.text)
    mpu_set_sensors                          0x08003bb7   Thumb Code   202  inv_mpu.o(.text)
    mpu_set_bypass                           0x08003c81   Thumb Code   328  inv_mpu.o(.text)
    mpu_reset_fifo                           0x08003dc9   Thumb Code   444  inv_mpu.o(.text)
    mpu_configure_fifo                       0x08003f85   Thumb Code   106  inv_mpu.o(.text)
    mpu_set_lpf                              0x08003fef   Thumb Code   126  inv_mpu.o(.text)
    mpu_lp_accel_mode                        0x0800406d   Thumb Code   218  inv_mpu.o(.text)
    mpu_set_sample_rate                      0x08004147   Thumb Code   152  inv_mpu.o(.text)
    mpu_set_accel_fsr                        0x080041df   Thumb Code   132  inv_mpu.o(.text)
    mpu_set_gyro_fsr                         0x08004263   Thumb Code   132  inv_mpu.o(.text)
    mpu_init                                 0x080042e7   Thumb Code   416  inv_mpu.o(.text)
    myget_ms                                 0x08004487   Thumb Code     2  inv_mpu.o(.text)
    mpu_get_gyro_reg                         0x08004489   Thumb Code   110  inv_mpu.o(.text)
    mpu_get_accel_reg                        0x080044f7   Thumb Code   110  inv_mpu.o(.text)
    mpu_get_temperature                      0x08004565   Thumb Code   150  inv_mpu.o(.text)
    mpu_set_accel_bias                       0x080045fb   Thumb Code   468  inv_mpu.o(.text)
    mpu_get_gyro_fsr                         0x080047cf   Thumb Code    64  inv_mpu.o(.text)
    mpu_get_accel_fsr                        0x0800480f   Thumb Code    72  inv_mpu.o(.text)
    mpu_get_lpf                              0x08004857   Thumb Code    74  inv_mpu.o(.text)
    mpu_get_sample_rate                      0x080048a1   Thumb Code    26  inv_mpu.o(.text)
    mpu_get_compass_sample_rate              0x080048bb   Thumb Code    10  inv_mpu.o(.text)
    mpu_set_compass_sample_rate              0x080048c5   Thumb Code     8  inv_mpu.o(.text)
    mpu_get_gyro_sens                        0x080048cd   Thumb Code    58  inv_mpu.o(.text)
    mpu_get_accel_sens                       0x08004907   Thumb Code    78  inv_mpu.o(.text)
    mpu_get_fifo_config                      0x08004955   Thumb Code    12  inv_mpu.o(.text)
    mpu_get_power_state                      0x08004961   Thumb Code    22  inv_mpu.o(.text)
    mpu_get_int_status                       0x08004977   Thumb Code    64  inv_mpu.o(.text)
    mpu_read_fifo                            0x080049b7   Thumb Code   520  inv_mpu.o(.text)
    mpu_read_fifo_stream                     0x08004bbf   Thumb Code   186  inv_mpu.o(.text)
    mpu_set_int_level                        0x08004c79   Thumb Code    12  inv_mpu.o(.text)
    mpu_set_dmp_state                        0x08005359   Thumb Code   138  inv_mpu.o(.text)
    mpu_run_self_test                        0x080053e3   Thumb Code   278  inv_mpu.o(.text)
    mpu_write_mem                            0x080054f9   Thumb Code   122  inv_mpu.o(.text)
    mpu_read_mem                             0x08005573   Thumb Code   122  inv_mpu.o(.text)
    mpu_load_firmware                        0x080055ed   Thumb Code   190  inv_mpu.o(.text)
    mpu_get_dmp_state                        0x080056ab   Thumb Code    14  inv_mpu.o(.text)
    mpu_get_compass_reg                      0x080056b9   Thumb Code     8  inv_mpu.o(.text)
    mpu_get_compass_fsr                      0x080056c1   Thumb Code     8  inv_mpu.o(.text)
    mpu_lp_motion_interrupt                  0x080056c9   Thumb Code   512  inv_mpu.o(.text)
    dmp_load_motion_driver_firmware          0x080058cd   Thumb Code    20  inv_mpu_dmp_motion_driver.o(.text)
    dmp_set_orientation                      0x080058e1   Thumb Code   290  inv_mpu_dmp_motion_driver.o(.text)
    dmp_set_gyro_bias                        0x08005a03   Thumb Code   294  inv_mpu_dmp_motion_driver.o(.text)
    dmp_set_accel_bias                       0x08005b29   Thumb Code   300  inv_mpu_dmp_motion_driver.o(.text)
    dmp_set_fifo_rate                        0x08005c55   Thumb Code   136  inv_mpu_dmp_motion_driver.o(.text)
    dmp_get_fifo_rate                        0x08005cdd   Thumb Code    12  inv_mpu_dmp_motion_driver.o(.text)
    dmp_set_tap_thresh                       0x08005ce9   Thumb Code   396  inv_mpu_dmp_motion_driver.o(.text)
    dmp_set_tap_axes                         0x08005e75   Thumb Code    70  inv_mpu_dmp_motion_driver.o(.text)
    dmp_set_tap_count                        0x08005ebb   Thumb Code    38  inv_mpu_dmp_motion_driver.o(.text)
    dmp_set_tap_time                         0x08005ee1   Thumb Code    38  inv_mpu_dmp_motion_driver.o(.text)
    dmp_set_tap_time_multi                   0x08005f07   Thumb Code    38  inv_mpu_dmp_motion_driver.o(.text)
    dmp_set_shake_reject_thresh              0x08005f2d   Thumb Code    56  inv_mpu_dmp_motion_driver.o(.text)
    dmp_set_shake_reject_time                0x08005f65   Thumb Code    38  inv_mpu_dmp_motion_driver.o(.text)
    dmp_set_shake_reject_timeout             0x08005f8b   Thumb Code    38  inv_mpu_dmp_motion_driver.o(.text)
    dmp_get_pedometer_step_count             0x08005fb1   Thumb Code    66  inv_mpu_dmp_motion_driver.o(.text)
    dmp_set_pedometer_step_count             0x08005ff3   Thumb Code    42  inv_mpu_dmp_motion_driver.o(.text)
    dmp_get_pedometer_walk_time              0x0800601d   Thumb Code    72  inv_mpu_dmp_motion_driver.o(.text)
    dmp_set_pedometer_walk_time              0x08006065   Thumb Code    48  inv_mpu_dmp_motion_driver.o(.text)
    dmp_enable_6x_lp_quat                    0x08006095   Thumb Code    84  inv_mpu_dmp_motion_driver.o(.text)
    dmp_enable_lp_quat                       0x080060e9   Thumb Code    60  inv_mpu_dmp_motion_driver.o(.text)
    dmp_enable_gyro_cal                      0x08006125   Thumb Code    62  inv_mpu_dmp_motion_driver.o(.text)
    dmp_enable_feature                       0x08006163   Thumb Code   530  inv_mpu_dmp_motion_driver.o(.text)
    dmp_get_enabled_features                 0x08006375   Thumb Code    12  inv_mpu_dmp_motion_driver.o(.text)
    dmp_set_interrupt_mode                   0x080063df   Thumb Code    66  inv_mpu_dmp_motion_driver.o(.text)
    dmp_read_fifo                            0x08006421   Thumb Code   514  inv_mpu_dmp_motion_driver.o(.text)
    dmp_register_tap_cb                      0x08006623   Thumb Code    10  inv_mpu_dmp_motion_driver.o(.text)
    dmp_register_android_orient_cb           0x0800662d   Thumb Code    10  inv_mpu_dmp_motion_driver.o(.text)
    MPU6050_newValues                        0x08006749   Thumb Code   494  mpu6050.o(.text)
    MPU6050_setClockSource                   0x08006937   Thumb Code    20  mpu6050.o(.text)
    MPU6050_setFullScaleGyroRange            0x0800694b   Thumb Code    20  mpu6050.o(.text)
    MPU6050_setFullScaleAccelRange           0x0800695f   Thumb Code    20  mpu6050.o(.text)
    MPU6050_setSleepEnabled                  0x08006973   Thumb Code    18  mpu6050.o(.text)
    MPU6050_getDeviceID                      0x08006985   Thumb Code    20  mpu6050.o(.text)
    MPU6050_testConnection                   0x08006999   Thumb Code    18  mpu6050.o(.text)
    MPU6050_setI2CMasterModeEnabled          0x080069ab   Thumb Code    18  mpu6050.o(.text)
    MPU6050_setI2CBypassEnabled              0x080069bd   Thumb Code    18  mpu6050.o(.text)
    MPU6050_initialize                       0x080069cf   Thumb Code    40  mpu6050.o(.text)
    DMP_Init                                 0x080069f7   Thumb Code   206  mpu6050.o(.text)
    Read_DMP                                 0x08006ac5   Thumb Code   966  mpu6050.o(.text)
    Read_Temperature                         0x08006e8b   Thumb Code   110  mpu6050.o(.text)
    getCrc8                                  0x08006f29   Thumb Code    56  mbotlinuxusart.o(.text)
    receiveTo103                             0x08006f61   Thumb Code   638  mbotlinuxusart.o(.text)
    USART_Send_String                        0x080071df   Thumb Code    52  mbotlinuxusart.o(.text)
    usartSendSpeed                           0x08007213   Thumb Code   174  mbotlinuxusart.o(.text)
    reset_Uk                                 0x08007371   Thumb Code    10  pid.o(.text)
    PID_Init                                 0x0800737b   Thumb Code   110  pid.o(.text)
    PID_common                               0x080073e9   Thumb Code    80  pid.o(.text)
    Pid_Which                                0x08007439   Thumb Code   172  pid.o(.text)
    Pid_Ctrl                                 0x080074e5   Thumb Code    54  pid.o(.text)
    __use_no_semihosting                     0x08007565   Thumb Code     2  use_no_semi_2.o(.text)
    __aeabi_ldivmod                          0x08007567   Thumb Code     0  llsdiv.o(.text)
    _ll_sdiv                                 0x08007567   Thumb Code    72  llsdiv.o(.text)
    __2printf                                0x080075b1   Thumb Code    20  noretval__2printf.o(.text)
    __printf                                 0x080075c9   Thumb Code   104  __printf.o(.text)
    _printf_int_dec                          0x08007631   Thumb Code   104  _printf_dec.o(.text)
    memcmp                                   0x080076a9   Thumb Code    88  memcmp.o(.text)
    __aeabi_memset                           0x08007701   Thumb Code    16  aeabi_memset.o(.text)
    __aeabi_memclr4                          0x08007711   Thumb Code     0  rt_memclr_w.o(.text)
    __aeabi_memclr8                          0x08007711   Thumb Code     0  rt_memclr_w.o(.text)
    __rt_memclr_w                            0x08007711   Thumb Code    78  rt_memclr_w.o(.text)
    _memset_w                                0x08007715   Thumb Code     0  rt_memclr_w.o(.text)
    __use_two_region_memory                  0x0800775f   Thumb Code     2  heapauxi.o(.text)
    __rt_heap_escrow$2region                 0x08007761   Thumb Code     2  heapauxi.o(.text)
    __rt_heap_expand$2region                 0x08007763   Thumb Code     2  heapauxi.o(.text)
    __I$use$semihosting                      0x08007765   Thumb Code     0  use_no_semi.o(.text)
    __use_no_semihosting_swi                 0x08007765   Thumb Code     2  use_no_semi.o(.text)
    __aeabi_uldivmod                         0x08007767   Thumb Code     0  lludivv7m.o(.text)
    _ll_udiv                                 0x08007767   Thumb Code   238  lludivv7m.o(.text)
    __read_errno                             0x08007855   Thumb Code    10  _rserrno.o(.text)
    __set_errno                              0x0800785f   Thumb Code    12  _rserrno.o(.text)
    _printf_int_common                       0x0800786b   Thumb Code   178  _printf_intcommon.o(.text)
    _printf_char_file                        0x0800791d   Thumb Code    32  _printf_char_file.o(.text)
    __aeabi_memclr                           0x08007941   Thumb Code     0  rt_memclr.o(.text)
    __rt_memclr                              0x08007941   Thumb Code    68  rt_memclr.o(.text)
    _memset                                  0x08007945   Thumb Code     0  rt_memclr.o(.text)
    __aeabi_errno_addr                       0x08007985   Thumb Code     8  rt_errno_addr_intlibspace.o(.text)
    __errno$intlibspace                      0x08007985   Thumb Code     0  rt_errno_addr_intlibspace.o(.text)
    __rt_errno_addr$intlibspace              0x08007985   Thumb Code     0  rt_errno_addr_intlibspace.o(.text)
    _printf_char_common                      0x08007997   Thumb Code    32  _printf_char_common.o(.text)
    ferror                                   0x080079bd   Thumb Code     8  ferror.o(.text)
    __user_libspace                          0x080079c5   Thumb Code     8  libspace.o(.text)
    __user_perproc_libspace                  0x080079c5   Thumb Code     0  libspace.o(.text)
    __user_perthread_libspace                0x080079c5   Thumb Code     0  libspace.o(.text)
    __user_setup_stackheap                   0x080079cd   Thumb Code    74  sys_stackheap_outer.o(.text)
    exit                                     0x08007a17   Thumb Code    12  exit.o(.text)
    __ARM_fpclassify                         0x08007a23   Thumb Code    40  fpclassify.o(i.__ARM_fpclassify)
    __kernel_poly                            0x08007a4b   Thumb Code   170  poly.o(i.__kernel_poly)
    __mathlib_dbl_infnan                     0x08007af5   Thumb Code     6  dunder.o(i.__mathlib_dbl_infnan)
    __mathlib_dbl_infnan2                    0x08007afb   Thumb Code     4  dunder.o(i.__mathlib_dbl_infnan2)
    __mathlib_dbl_invalid                    0x08007aff   Thumb Code    12  dunder.o(i.__mathlib_dbl_invalid)
    __mathlib_dbl_underflow                  0x08007b0d   Thumb Code    10  dunder.o(i.__mathlib_dbl_underflow)
    asin                                     0x08007b1d   Thumb Code   572  asin.o(i.asin)
    atan                                     0x08007d8d   Thumb Code   474  atan.o(i.atan)
    atan2                                    0x08007fad   Thumb Code   346  atan2.o(i.atan2)
    sqrt                                     0x0800812d   Thumb Code    76  sqrt.o(i.sqrt)
    __aeabi_d2f                              0x08008179   Thumb Code     0  d2f.o(x$fpl$d2f)
    _d2f                                     0x08008179   Thumb Code    98  d2f.o(x$fpl$d2f)
    __aeabi_dadd                             0x080081dd   Thumb Code     0  daddsub_clz.o(x$fpl$dadd)
    _dadd                                    0x080081dd   Thumb Code   332  daddsub_clz.o(x$fpl$dadd)
    __fpl_dcheck_NaN1                        0x0800832d   Thumb Code    10  dcheck1.o(x$fpl$dcheck1)
    __aeabi_ddiv                             0x0800833d   Thumb Code     0  ddiv.o(x$fpl$ddiv)
    _ddiv                                    0x0800833d   Thumb Code   552  ddiv.o(x$fpl$ddiv)
    __aeabi_d2iz                             0x080085ed   Thumb Code     0  dfix.o(x$fpl$dfix)
    _dfix                                    0x080085ed   Thumb Code    94  dfix.o(x$fpl$dfix)
    __aeabi_i2d                              0x0800864b   Thumb Code     0  dflt_clz.o(x$fpl$dflt)
    _dflt                                    0x0800864b   Thumb Code    46  dflt_clz.o(x$fpl$dflt)
    __aeabi_ui2d                             0x08008679   Thumb Code     0  dflt_clz.o(x$fpl$dfltu)
    _dfltu                                   0x08008679   Thumb Code    38  dflt_clz.o(x$fpl$dfltu)
    __aeabi_dmul                             0x080086a1   Thumb Code     0  dmul.o(x$fpl$dmul)
    _dmul                                    0x080086a1   Thumb Code   332  dmul.o(x$fpl$dmul)
    __fpl_dnaninf                            0x080087f5   Thumb Code   156  dnaninf.o(x$fpl$dnaninf)
    __fpl_dretinf                            0x08008891   Thumb Code    12  dretinf.o(x$fpl$dretinf)
    __aeabi_drsub                            0x0800889d   Thumb Code     0  daddsub_clz.o(x$fpl$drsb)
    _drsb                                    0x0800889d   Thumb Code    22  daddsub_clz.o(x$fpl$drsb)
    _dsqrt                                   0x080088b5   Thumb Code   456  dsqrt_noumaal.o(x$fpl$dsqrt)
    __aeabi_dsub                             0x08008a81   Thumb Code     0  daddsub_clz.o(x$fpl$dsub)
    _dsub                                    0x08008a81   Thumb Code   464  daddsub_clz.o(x$fpl$dsub)
    __aeabi_f2d                              0x08008c55   Thumb Code     0  f2d.o(x$fpl$f2d)
    _f2d                                     0x08008c55   Thumb Code    86  f2d.o(x$fpl$f2d)
    __aeabi_fadd                             0x08008cad   Thumb Code     0  faddsub_clz.o(x$fpl$fadd)
    _fadd                                    0x08008cad   Thumb Code   196  faddsub_clz.o(x$fpl$fadd)
    __fpl_fcmp_Inf                           0x08008d71   Thumb Code    24  fcmpi.o(x$fpl$fcmpinf)
    __aeabi_fdiv                             0x08008d89   Thumb Code     0  fdiv.o(x$fpl$fdiv)
    _fdiv                                    0x08008d89   Thumb Code   384  fdiv.o(x$fpl$fdiv)
    __aeabi_cfcmpeq                          0x08008f0d   Thumb Code     0  feqf.o(x$fpl$feqf)
    _fcmpeq                                  0x08008f0d   Thumb Code   104  feqf.o(x$fpl$feqf)
    __aeabi_f2iz                             0x08008f75   Thumb Code     0  ffix.o(x$fpl$ffix)
    _ffix                                    0x08008f75   Thumb Code    54  ffix.o(x$fpl$ffix)
    __aeabi_f2uiz                            0x08008fad   Thumb Code     0  ffixu.o(x$fpl$ffixu)
    _ffixu                                   0x08008fad   Thumb Code    62  ffixu.o(x$fpl$ffixu)
    __aeabi_i2f                              0x08008fed   Thumb Code     0  fflt_clz.o(x$fpl$fflt)
    _fflt                                    0x08008fed   Thumb Code    48  fflt_clz.o(x$fpl$fflt)
    __aeabi_ui2f                             0x0800901d   Thumb Code     0  fflt_clz.o(x$fpl$ffltu)
    _ffltu                                   0x0800901d   Thumb Code    38  fflt_clz.o(x$fpl$ffltu)
    __aeabi_cfcmple                          0x08009045   Thumb Code     0  fleqf.o(x$fpl$fleqf)
    _fcmple                                  0x08009045   Thumb Code   104  fleqf.o(x$fpl$fleqf)
    __fpl_fcmple_InfNaN                      0x08009097   Thumb Code     0  fleqf.o(x$fpl$fleqf)
    __aeabi_fmul                             0x080090ad   Thumb Code     0  fmul.o(x$fpl$fmul)
    _fmul                                    0x080090ad   Thumb Code   258  fmul.o(x$fpl$fmul)
    __fpl_fnaninf                            0x080091af   Thumb Code   140  fnaninf.o(x$fpl$fnaninf)
    __fpl_fretinf                            0x0800923b   Thumb Code    10  fretinf.o(x$fpl$fretinf)
    __aeabi_cfrcmple                         0x08009245   Thumb Code     0  frleqf.o(x$fpl$frleqf)
    _frcmple                                 0x08009245   Thumb Code    98  frleqf.o(x$fpl$frleqf)
    __aeabi_fsub                             0x080092a9   Thumb Code     0  faddsub_clz.o(x$fpl$fsub)
    _fsub                                    0x080092a9   Thumb Code   234  faddsub_clz.o(x$fpl$fsub)
    __fpl_return_NaN                         0x08009393   Thumb Code   100  retnan.o(x$fpl$retnan)
    __ARM_scalbn                             0x080093f7   Thumb Code    92  scalbn.o(x$fpl$scalbn)
    __fpl_cmpreturn                          0x08009453   Thumb Code    48  trapv.o(x$fpl$trapveneer)
    __I$use$fp                               0x08009482   Number         0  usenofp.o(x$fpl$usenofp)
    hw                                       0x08009484   Data          12  inv_mpu.o(.constdata)
    reg                                      0x08009490   Data          27  inv_mpu.o(.constdata)
    test                                     0x080094ac   Data          40  inv_mpu.o(.constdata)
    ender                                    0x0800a0cc   Data           2  mbotlinuxusart.o(.constdata)
    header                                   0x0800a0ce   Data           2  mbotlinuxusart.o(.constdata)
    SPEED_INFO                               0x0800a0d0   Data           4  mbotlinuxusart.o(.constdata)
    GET_SPEED                                0x0800a0d4   Data           4  mbotlinuxusart.o(.constdata)
    __mathlib_zero                           0x0800a1c0   Data           8  qnan.o(.constdata)
    Region$$Table$$Base                      0x0800a218   Number         0  anon$$obj.o(Region$$Table)
    Region$$Table$$Limit                     0x0800a238   Number         0  anon$$obj.o(Region$$Table)
    SystemCoreClock                          0x20000000   Data           4  system_stm32f10x.o(.data)
    AHBPrescTable                            0x20000004   Data          16  system_stm32f10x.o(.data)
    Way_Angle                                0x20000014   Data           1  mbot.o(.data)
    Flag_Qian                                0x20000015   Data           1  mbot.o(.data)
    Flag_Hou                                 0x20000016   Data           1  mbot.o(.data)
    Flag_Left                                0x20000017   Data           1  mbot.o(.data)
    Flag_Right                               0x20000018   Data           1  mbot.o(.data)
    Flag_sudu                                0x20000019   Data           1  mbot.o(.data)
    Flag_useApp                              0x2000001a   Data           1  mbot.o(.data)
    Flag_Stop                                0x2000001b   Data           1  mbot.o(.data)
    Flag_Show                                0x2000001c   Data           1  mbot.o(.data)
    Encoder_Left                             0x20000020   Data           4  mbot.o(.data)
    Encoder_Right                            0x20000024   Data           4  mbot.o(.data)
    Moto1                                    0x20000028   Data           4  mbot.o(.data)
    Moto2                                    0x2000002c   Data           4  mbot.o(.data)
    Voltage                                  0x20000030   Data           4  mbot.o(.data)
    Gyro_Turn                                0x20000034   Data           4  mbot.o(.data)
    delay_value                              0x20000038   Data           1  mbot.o(.data)
    delay_flag                               0x20000039   Data           1  mbot.o(.data)
    __stdout                                 0x20000054   Data           4  usart.o(.data)
    SP1                                      0x2000005c   Data           4  encoder.o(.data)
    SP2                                      0x20000060   Data           4  encoder.o(.data)
    leftWheelEncoder                         0x20000064   Data           4  encoder.o(.data)
    rightWheelEncoder                        0x20000068   Data           4  encoder.o(.data)
    leftWheelEncoderNow                      0x2000006c   Data           4  encoder.o(.data)
    rightWheelEncoderNow                     0x20000070   Data           4  encoder.o(.data)
    leftWheelEncoderLast                     0x20000074   Data           4  encoder.o(.data)
    rightWheelEncoderLast                    0x20000078   Data           4  encoder.o(.data)
    Usart3_Receive                           0x2000007c   Data           1  usart3.o(.data)
    Flag_Target                              0x20000094   Data           1  control.o(.data)
    Voltage_Temp                             0x20000098   Data           4  control.o(.data)
    Voltage_Count                            0x2000009c   Data           4  control.o(.data)
    Voltage_All                              0x200000a0   Data           4  control.o(.data)
    gyro                                     0x200000d0   Data           6  mpu6050.o(.data)
    accel                                    0x200000d6   Data           6  mpu6050.o(.data)
    sensors                                  0x200000dc   Data           2  mpu6050.o(.data)
    Pitch                                    0x200000e0   Data           4  mpu6050.o(.data)
    Roll                                     0x200000e4   Data           4  mpu6050.o(.data)
    Yaw                                      0x200000e8   Data           4  mpu6050.o(.data)
    q0                                       0x200000ec   Data           4  mpu6050.o(.data)
    q1                                       0x200000f0   Data           4  mpu6050.o(.data)
    q2                                       0x200000f4   Data           4  mpu6050.o(.data)
    q3                                       0x200000f8   Data           4  mpu6050.o(.data)
    Gx_offset                                0x20000106   Data           2  mpu6050.o(.data)
    Gy_offset                                0x20000108   Data           2  mpu6050.o(.data)
    Gz_offset                                0x2000010a   Data           2  mpu6050.o(.data)
    leftdata                                 0x2000010c   Data           4  mbotlinuxusart.o(.data)
    rightdata                                0x20000110   Data           4  mbotlinuxusart.o(.data)
    angle                                    0x20000114   Data           4  mbotlinuxusart.o(.data)
    SendCheckSum                             0x20000118   Data           2  mbotlinuxusart.o(.data)
    ReceiveCheckSum                          0x2000011a   Data           2  mbotlinuxusart.o(.data)
    receive_command                          0x2000011c   Data           4  mbotlinuxusart.o(.data)
    send_command                             0x20000120   Data           4  mbotlinuxusart.o(.data)
    vel_left                                 0x20000124   Data           4  mbotlinuxusart.o(.data)
    vel_right                                0x20000128   Data           4  mbotlinuxusart.o(.data)
    GYRO_Ang                                 0x2000013c   Data           4  pid.o(.data)
    g_Pid_En                                 0x20000140   Data           1  pid.o(.data)
    g_Pid_Angle_En                           0x20000141   Data           1  pid.o(.data)
    g_Pid_Left_Adjust                        0x20000142   Data           2  pid.o(.data)
    g_Pid_Right_Adjust                       0x20000144   Data           2  pid.o(.data)
    g_Pid_Angle_Adjust                       0x20000146   Data           2  pid.o(.data)
    leftSpeedNow                             0x20000148   Data           4  pid.o(.data)
    rightSpeedNow                            0x2000014c   Data           4  pid.o(.data)
    leftSpeedSet                             0x20000150   Data           4  pid.o(.data)
    rightSpeedSet                            0x20000154   Data           4  pid.o(.data)
    angleSet                                 0x20000158   Data           4  pid.o(.data)
    buffer                                   0x2000016c   Data          14  mpu6050.o(.bss)
    MPU6050_FIFO                             0x2000017a   Data         132  mpu6050.o(.bss)
    receiveBuff                              0x200001fe   Data          16  mbotlinuxusart.o(.bss)
    pid_Task_Letf                            0x20000210   Data          36  pid.o(.bss)
    pid_Task_Right                           0x20000234   Data          36  pid.o(.bss)
    pid_Task_A_1_1                           0x20000258   Data          36  pid.o(.bss)
    __libspace_start                         0x2000027c   Data          96  libspace.o(.bss)
    __temporary_stack_top$libspace           0x200002dc   Data           0  libspace.o(.bss)



==============================================================================

Memory Map of the image

  Image Entry point : 0x080000ed

  Load Region LR_IROM1 (Base: 0x08000000, Size: 0x0000a394, Max: 0x00010000, ABSOLUTE, COMPRESSED[0x0000a278])

    Execution Region ER_IROM1 (Base: 0x08000000, Size: 0x0000a238, Max: 0x00010000, ABSOLUTE)

    Base Addr    Size         Type   Attr      Idx    E Section Name        Object

    0x08000000   0x000000ec   Data   RO          226    RESET               startup_stm32f10x_md.o
    0x080000ec   0x00000008   Code   RO          706  * !!!main             c_w.l(__main.o)
    0x080000f4   0x00000034   Code   RO         1034    !!!scatter          c_w.l(__scatter.o)
    0x08000128   0x0000005a   Code   RO         1032    !!dczerorl2         c_w.l(__dczerorl2.o)
    0x08000182   0x00000002   PAD
    0x08000184   0x0000001c   Code   RO         1036    !!handler_zi        c_w.l(__scatter_zi.o)
    0x080001a0   0x00000000   Code   RO          697    .ARM.Collect$$_printf_percent$$00000000  c_w.l(_printf_percent.o)
    0x080001a0   0x00000006   Code   RO          696    .ARM.Collect$$_printf_percent$$00000009  c_w.l(_printf_d.o)
    0x080001a6   0x00000004   Code   RO          795    .ARM.Collect$$_printf_percent$$00000017  c_w.l(_printf_percent_end.o)
    0x080001aa   0x00000002   Code   RO          900    .ARM.Collect$$libinit$$00000000  c_w.l(libinit.o)
    0x080001ac   0x00000000   Code   RO          912    .ARM.Collect$$libinit$$00000002  c_w.l(libinit2.o)
    0x080001ac   0x00000000   Code   RO          914    .ARM.Collect$$libinit$$00000004  c_w.l(libinit2.o)
    0x080001ac   0x00000000   Code   RO          917    .ARM.Collect$$libinit$$0000000A  c_w.l(libinit2.o)
    0x080001ac   0x00000000   Code   RO          919    .ARM.Collect$$libinit$$0000000C  c_w.l(libinit2.o)
    0x080001ac   0x00000000   Code   RO          921    .ARM.Collect$$libinit$$0000000E  c_w.l(libinit2.o)
    0x080001ac   0x00000000   Code   RO          924    .ARM.Collect$$libinit$$00000011  c_w.l(libinit2.o)
    0x080001ac   0x00000000   Code   RO          926    .ARM.Collect$$libinit$$00000013  c_w.l(libinit2.o)
    0x080001ac   0x00000000   Code   RO          928    .ARM.Collect$$libinit$$00000015  c_w.l(libinit2.o)
    0x080001ac   0x00000000   Code   RO          930    .ARM.Collect$$libinit$$00000017  c_w.l(libinit2.o)
    0x080001ac   0x00000000   Code   RO          932    .ARM.Collect$$libinit$$00000019  c_w.l(libinit2.o)
    0x080001ac   0x00000000   Code   RO          934    .ARM.Collect$$libinit$$0000001B  c_w.l(libinit2.o)
    0x080001ac   0x00000000   Code   RO          936    .ARM.Collect$$libinit$$0000001D  c_w.l(libinit2.o)
    0x080001ac   0x00000000   Code   RO          938    .ARM.Collect$$libinit$$0000001F  c_w.l(libinit2.o)
    0x080001ac   0x00000000   Code   RO          940    .ARM.Collect$$libinit$$00000021  c_w.l(libinit2.o)
    0x080001ac   0x00000000   Code   RO          942    .ARM.Collect$$libinit$$00000023  c_w.l(libinit2.o)
    0x080001ac   0x00000000   Code   RO          944    .ARM.Collect$$libinit$$00000025  c_w.l(libinit2.o)
    0x080001ac   0x00000000   Code   RO          948    .ARM.Collect$$libinit$$0000002C  c_w.l(libinit2.o)
    0x080001ac   0x00000000   Code   RO          950    .ARM.Collect$$libinit$$0000002E  c_w.l(libinit2.o)
    0x080001ac   0x00000000   Code   RO          952    .ARM.Collect$$libinit$$00000030  c_w.l(libinit2.o)
    0x080001ac   0x00000000   Code   RO          954    .ARM.Collect$$libinit$$00000032  c_w.l(libinit2.o)
    0x080001ac   0x00000002   Code   RO          955    .ARM.Collect$$libinit$$00000033  c_w.l(libinit2.o)
    0x080001ae   0x00000002   Code   RO          985    .ARM.Collect$$libshutdown$$00000000  c_w.l(libshutdown.o)
    0x080001b0   0x00000000   Code   RO         1000    .ARM.Collect$$libshutdown$$00000003  c_w.l(libshutdown2.o)
    0x080001b0   0x00000000   Code   RO         1003    .ARM.Collect$$libshutdown$$00000006  c_w.l(libshutdown2.o)
    0x080001b0   0x00000000   Code   RO         1006    .ARM.Collect$$libshutdown$$00000009  c_w.l(libshutdown2.o)
    0x080001b0   0x00000000   Code   RO         1008    .ARM.Collect$$libshutdown$$0000000B  c_w.l(libshutdown2.o)
    0x080001b0   0x00000000   Code   RO         1011    .ARM.Collect$$libshutdown$$0000000E  c_w.l(libshutdown2.o)
    0x080001b0   0x00000002   Code   RO         1012    .ARM.Collect$$libshutdown$$0000000F  c_w.l(libshutdown2.o)
    0x080001b2   0x00000000   Code   RO          786    .ARM.Collect$$rtentry$$00000000  c_w.l(__rtentry.o)
    0x080001b2   0x00000000   Code   RO          849    .ARM.Collect$$rtentry$$00000002  c_w.l(__rtentry2.o)
    0x080001b2   0x00000006   Code   RO          861    .ARM.Collect$$rtentry$$00000004  c_w.l(__rtentry4.o)
    0x080001b8   0x00000000   Code   RO          851    .ARM.Collect$$rtentry$$00000009  c_w.l(__rtentry2.o)
    0x080001b8   0x00000004   Code   RO          852    .ARM.Collect$$rtentry$$0000000A  c_w.l(__rtentry2.o)
    0x080001bc   0x00000000   Code   RO          854    .ARM.Collect$$rtentry$$0000000C  c_w.l(__rtentry2.o)
    0x080001bc   0x00000008   Code   RO          855    .ARM.Collect$$rtentry$$0000000D  c_w.l(__rtentry2.o)
    0x080001c4   0x00000002   Code   RO          905    .ARM.Collect$$rtexit$$00000000  c_w.l(rtexit.o)
    0x080001c6   0x00000000   Code   RO          959    .ARM.Collect$$rtexit$$00000002  c_w.l(rtexit2.o)
    0x080001c6   0x00000004   Code   RO          960    .ARM.Collect$$rtexit$$00000003  c_w.l(rtexit2.o)
    0x080001ca   0x00000006   Code   RO          961    .ARM.Collect$$rtexit$$00000004  c_w.l(rtexit2.o)
    0x080001d0   0x0000000c   Code   RO          381    .emb_text           sys.o
    0x080001dc   0x0000001a   Code   RO            1    .text               stm32f10x_it.o
    0x080001f6   0x00000002   PAD
    0x080001f8   0x000001e0   Code   RO          104    .text               system_stm32f10x.o
    0x080003d8   0x000000c0   Code   RO          122    .text               mbot.o
    0x08000498   0x00000040   Code   RO          227    .text               startup_stm32f10x_md.o
    0x080004d8   0x0000044e   Code   RO          231    .text               stm32f10x_adc.o
    0x08000926   0x00000002   PAD
    0x08000928   0x0000035c   Code   RO          269    .text               stm32f10x_gpio.o
    0x08000c84   0x00000e1a   Code   RO          293    .text               stm32f10x_tim.o
    0x08001a9e   0x00000002   PAD
    0x08001aa0   0x00000408   Code   RO          305    .text               stm32f10x_usart.o
    0x08001ea8   0x000003a4   Code   RO          317    .text               stm32f10x_rcc.o
    0x0800224c   0x000000dc   Code   RO          331    .text               misc.o
    0x08002328   0x0000011c   Code   RO          343    .text               stm32f10x_exti.o
    0x08002444   0x000000d4   Code   RO          355    .text               delay.o
    0x08002518   0x000002bc   Code   RO          382    .text               sys.o
    0x080027d4   0x000000f0   Code   RO          397    .text               usart.o
    0x080028c4   0x00000060   Code   RO          420    .text               led.o
    0x08002924   0x00000118   Code   RO          433    .text               adc.o
    0x08002a3c   0x000000d8   Code   RO          445    .text               motor.o
    0x08002b14   0x000001f0   Code   RO          457    .text               encoder.o
    0x08002d04   0x00000526   Code   RO          475    .text               ioi2c.o
    0x0800322a   0x00000002   PAD
    0x0800322c   0x000001ec   Code   RO          487    .text               usart3.o
    0x08003418   0x00000070   Code   RO          505    .text               exti.o
    0x08003488   0x00000170   Code   RO          520    .text               key.o
    0x080035f8   0x00000444   Code   RO          533    .text               control.o
    0x08003a3c   0x00001e90   Code   RO          551    .text               inv_mpu.o
    0x080058cc   0x00000d70   Code   RO          575    .text               inv_mpu_dmp_motion_driver.o
    0x0800663c   0x000008ec   Code   RO          590    .text               mpu6050.o
    0x08006f28   0x00000448   Code   RO          626    .text               mbotlinuxusart.o
    0x08007370   0x000001f4   Code   RO          643    .text               pid.o
    0x08007564   0x00000002   Code   RO          664    .text               c_w.l(use_no_semi_2.o)
    0x08007566   0x00000048   Code   RO          666    .text               c_w.l(llsdiv.o)
    0x080075ae   0x00000002   PAD
    0x080075b0   0x00000018   Code   RO          670    .text               c_w.l(noretval__2printf.o)
    0x080075c8   0x00000068   Code   RO          672    .text               c_w.l(__printf.o)
    0x08007630   0x00000078   Code   RO          674    .text               c_w.l(_printf_dec.o)
    0x080076a8   0x00000058   Code   RO          698    .text               c_w.l(memcmp.o)
    0x08007700   0x00000010   Code   RO          700    .text               c_w.l(aeabi_memset.o)
    0x08007710   0x0000004e   Code   RO          702    .text               c_w.l(rt_memclr_w.o)
    0x0800775e   0x00000006   Code   RO          704    .text               c_w.l(heapauxi.o)
    0x08007764   0x00000002   Code   RO          784    .text               c_w.l(use_no_semi.o)
    0x08007766   0x000000ee   Code   RO          787    .text               c_w.l(lludivv7m.o)
    0x08007854   0x00000016   Code   RO          789    .text               c_w.l(_rserrno.o)
    0x0800786a   0x000000b2   Code   RO          791    .text               c_w.l(_printf_intcommon.o)
    0x0800791c   0x00000024   Code   RO          793    .text               c_w.l(_printf_char_file.o)
    0x08007940   0x00000044   Code   RO          796    .text               c_w.l(rt_memclr.o)
    0x08007984   0x00000008   Code   RO          870    .text               c_w.l(rt_errno_addr_intlibspace.o)
    0x0800798c   0x00000030   Code   RO          872    .text               c_w.l(_printf_char_common.o)
    0x080079bc   0x00000008   Code   RO          874    .text               c_w.l(ferror.o)
    0x080079c4   0x00000008   Code   RO          884    .text               c_w.l(libspace.o)
    0x080079cc   0x0000004a   Code   RO          887    .text               c_w.l(sys_stackheap_outer.o)
    0x08007a16   0x0000000c   Code   RO          893    .text               c_w.l(exit.o)
    0x08007a22   0x00000028   Code   RO          835    i.__ARM_fpclassify  m_ws.l(fpclassify.o)
    0x08007a4a   0x000000aa   Code   RO          837    i.__kernel_poly     m_ws.l(poly.o)
    0x08007af4   0x00000006   Code   RO          822    i.__mathlib_dbl_infnan  m_ws.l(dunder.o)
    0x08007afa   0x00000004   Code   RO          823    i.__mathlib_dbl_infnan2  m_ws.l(dunder.o)
    0x08007afe   0x0000000c   Code   RO          824    i.__mathlib_dbl_invalid  m_ws.l(dunder.o)
    0x08007b0a   0x00000002   PAD
    0x08007b0c   0x00000010   Code   RO          827    i.__mathlib_dbl_underflow  m_ws.l(dunder.o)
    0x08007b1c   0x00000270   Code   RO          767    i.asin              m_ws.l(asin.o)
    0x08007d8c   0x00000220   Code   RO          812    i.atan              m_ws.l(atan.o)
    0x08007fac   0x00000180   Code   RO          777    i.atan2             m_ws.l(atan2.o)
    0x0800812c   0x0000004c   Code   RO          841    i.sqrt              m_ws.l(sqrt.o)
    0x08008178   0x00000062   Code   RO          708    x$fpl$d2f           fz_ws.l(d2f.o)
    0x080081da   0x00000002   PAD
    0x080081dc   0x00000150   Code   RO          710    x$fpl$dadd          fz_ws.l(daddsub_clz.o)
    0x0800832c   0x00000010   Code   RO          878    x$fpl$dcheck1       fz_ws.l(dcheck1.o)
    0x0800833c   0x000002b0   Code   RO          717    x$fpl$ddiv          fz_ws.l(ddiv.o)
    0x080085ec   0x0000005e   Code   RO          720    x$fpl$dfix          fz_ws.l(dfix.o)
    0x0800864a   0x0000002e   Code   RO          725    x$fpl$dflt          fz_ws.l(dflt_clz.o)
    0x08008678   0x00000026   Code   RO          724    x$fpl$dfltu         fz_ws.l(dflt_clz.o)
    0x0800869e   0x00000002   PAD
    0x080086a0   0x00000154   Code   RO          730    x$fpl$dmul          fz_ws.l(dmul.o)
    0x080087f4   0x0000009c   Code   RO          798    x$fpl$dnaninf       fz_ws.l(dnaninf.o)
    0x08008890   0x0000000c   Code   RO          800    x$fpl$dretinf       fz_ws.l(dretinf.o)
    0x0800889c   0x00000016   Code   RO          711    x$fpl$drsb          fz_ws.l(daddsub_clz.o)
    0x080088b2   0x00000002   PAD
    0x080088b4   0x000001cc   Code   RO          882    x$fpl$dsqrt         fz_ws.l(dsqrt_noumaal.o)
    0x08008a80   0x000001d4   Code   RO          712    x$fpl$dsub          fz_ws.l(daddsub_clz.o)
    0x08008c54   0x00000056   Code   RO          732    x$fpl$f2d           fz_ws.l(f2d.o)
    0x08008caa   0x00000002   PAD
    0x08008cac   0x000000c4   Code   RO          734    x$fpl$fadd          fz_ws.l(faddsub_clz.o)
    0x08008d70   0x00000018   Code   RO          802    x$fpl$fcmpinf       fz_ws.l(fcmpi.o)
    0x08008d88   0x00000184   Code   RO          741    x$fpl$fdiv          fz_ws.l(fdiv.o)
    0x08008f0c   0x00000068   Code   RO          744    x$fpl$feqf          fz_ws.l(feqf.o)
    0x08008f74   0x00000036   Code   RO          746    x$fpl$ffix          fz_ws.l(ffix.o)
    0x08008faa   0x00000002   PAD
    0x08008fac   0x0000003e   Code   RO          750    x$fpl$ffixu         fz_ws.l(ffixu.o)
    0x08008fea   0x00000002   PAD
    0x08008fec   0x00000030   Code   RO          755    x$fpl$fflt          fz_ws.l(fflt_clz.o)
    0x0800901c   0x00000026   Code   RO          754    x$fpl$ffltu         fz_ws.l(fflt_clz.o)
    0x08009042   0x00000002   PAD
    0x08009044   0x00000068   Code   RO          760    x$fpl$fleqf         fz_ws.l(fleqf.o)
    0x080090ac   0x00000102   Code   RO          762    x$fpl$fmul          fz_ws.l(fmul.o)
    0x080091ae   0x0000008c   Code   RO          804    x$fpl$fnaninf       fz_ws.l(fnaninf.o)
    0x0800923a   0x0000000a   Code   RO          806    x$fpl$fretinf       fz_ws.l(fretinf.o)
    0x08009244   0x00000062   Code   RO          764    x$fpl$frleqf        fz_ws.l(frleqf.o)
    0x080092a6   0x00000002   PAD
    0x080092a8   0x000000ea   Code   RO          736    x$fpl$fsub          fz_ws.l(faddsub_clz.o)
    0x08009392   0x00000064   Code   RO          903    x$fpl$retnan        fz_ws.l(retnan.o)
    0x080093f6   0x0000005c   Code   RO          808    x$fpl$scalbn        fz_ws.l(scalbn.o)
    0x08009452   0x00000030   Code   RO          956    x$fpl$trapveneer    fz_ws.l(trapv.o)
    0x08009482   0x00000000   Code   RO          810    x$fpl$usenofp       fz_ws.l(usenofp.o)
    0x08009482   0x00000002   PAD
    0x08009484   0x00000050   Data   RO          552    .constdata          inv_mpu.o
    0x080094d4   0x00000bf6   Data   RO          577    .constdata          inv_mpu_dmp_motion_driver.o
    0x0800a0ca   0x00000002   PAD
    0x0800a0cc   0x0000000c   Data   RO          628    .constdata          mbotlinuxusart.o
    0x0800a0d8   0x00000050   Data   RO          768    .constdata          m_ws.l(asin.o)
    0x0800a128   0x00000098   Data   RO          813    .constdata          m_ws.l(atan.o)
    0x0800a1c0   0x00000008   Data   RO          839    .constdata          m_ws.l(qnan.o)
    0x0800a1c8   0x0000004e   Data   RO          553    .conststring        inv_mpu.o
    0x0800a216   0x00000002   PAD
    0x0800a218   0x00000020   Data   RO         1030    Region$$Table       anon$$obj.o


    Execution Region RW_IRAM1 (Base: 0x20000000, Size: 0x000008e0, Max: 0x00005000, ABSOLUTE, COMPRESSED[0x00000040])

    Base Addr    Size         Type   Attr      Idx    E Section Name        Object

    0x20000000   0x00000014   Data   RW          105    .data               system_stm32f10x.o
    0x20000014   0x00000026   Data   RW          123    .data               mbot.o
    0x2000003a   0x00000014   Data   RW          318    .data               stm32f10x_rcc.o
    0x2000004e   0x00000004   Data   RW          356    .data               delay.o
    0x20000052   0x00000002   PAD
    0x20000054   0x00000004   Data   RW          398    .data               usart.o
    0x20000058   0x00000004   Data   RW          421    .data               led.o
    0x2000005c   0x00000020   Data   RW          458    .data               encoder.o
    0x2000007c   0x00000008   Data   RW          488    .data               usart3.o
    0x20000084   0x0000000e   Data   RW          521    .data               key.o
    0x20000092   0x00000002   PAD
    0x20000094   0x00000010   Data   RW          534    .data               control.o
    0x200000a4   0x0000002c   Data   RW          554    .data               inv_mpu.o
    0x200000d0   0x0000003c   Data   RW          592    .data               mpu6050.o
    0x2000010c   0x00000030   Data   RW          629    .data               mbotlinuxusart.o
    0x2000013c   0x00000020   Data   RW          645    .data               pid.o
    0x2000015c   0x00000010   Zero   RW          576    .bss                inv_mpu_dmp_motion_driver.o
    0x2000016c   0x00000092   Zero   RW          591    .bss                mpu6050.o
    0x200001fe   0x00000010   Zero   RW          627    .bss                mbotlinuxusart.o
    0x2000020e   0x00000002   PAD
    0x20000210   0x0000006c   Zero   RW          644    .bss                pid.o
    0x2000027c   0x00000060   Zero   RW          885    .bss                c_w.l(libspace.o)
    0x200002dc   0x00000004   PAD
    0x200002e0   0x00000200   Zero   RW          225    HEAP                startup_stm32f10x_md.o
    0x200004e0   0x00000400   Zero   RW          224    STACK               startup_stm32f10x_md.o


==============================================================================

Image component sizes


      Code (inc. data)   RO Data    RW Data    ZI Data      Debug   Object Name

       280         24          0          0          0       1000   adc.o
      1092        170          0         16          0       2489   control.o
         0          0          0          0          0         32   core_cm3.o
       212         18          0          4          0       1007   delay.o
       496         20          0         32          0       2782   encoder.o
       112          4          0          0          0        601   exti.o
      7824        172        158         44          0      20843   inv_mpu.o
      3440        126       3062          0         16      14723   inv_mpu_dmp_motion_driver.o
      1318         12          0          0          0       5434   ioi2c.o
       368         42          0         14          0       1451   key.o
        96         16          0          4          0        705   led.o
       192         30          0         38          0       1289   mbot.o
      1096        182         12         48         16       3634   mbotlinuxusart.o
       220         22          0          0          0       1785   misc.o
       216         12          0          0          0        900   motor.o
      2284        454          0         60        146      20730   mpu6050.o
       500         74          0         32        108       2912   pid.o
        64         26        236          0       1536        800   startup_stm32f10x_md.o
      1102         26          0          0          0     225397   stm32f10x_adc.o
       284         10          0          0          0       2215   stm32f10x_exti.o
       860         38          0          0          0       5629   stm32f10x_gpio.o
        26          0          0          0          0     250850   stm32f10x_it.o
       932         36          0         20          0       8792   stm32f10x_rcc.o
      3610         88          0          0          0      22112   stm32f10x_tim.o
      1032         22          0          0          0       8356   stm32f10x_usart.o
       712         44          0          0          0       2739   sys.o
       480         38          0         20          0       1719   system_stm32f10x.o
       240         22          0          4          0       3000   usart.o
       492         38          0          8          0       1360   usart3.o

    ----------------------------------------------------------------------
     29588       1766       3504        348       1824     615286   Object Totals
         0          0         32          0          0          0   (incl. Generated)
         8          0          4          4          2          0   (incl. Padding)

    ----------------------------------------------------------------------

      Code (inc. data)   RO Data    RW Data    ZI Data      Debug   Library Member Name

        90          0          0          0          0          0   __dczerorl2.o
         8          0          0          0          0         68   __main.o
       104          0          0          0          0         84   __printf.o
         0          0          0          0          0          0   __rtentry.o
        12          0          0          0          0          0   __rtentry2.o
         6          0          0          0          0          0   __rtentry4.o
        52          8          0          0          0          0   __scatter.o
        28          0          0          0          0          0   __scatter_zi.o
        48          6          0          0          0         96   _printf_char_common.o
        36          4          0          0          0         80   _printf_char_file.o
         6          0          0          0          0          0   _printf_d.o
       120         16          0          0          0         92   _printf_dec.o
       178          0          0          0          0         88   _printf_intcommon.o
         0          0          0          0          0          0   _printf_percent.o
         4          0          0          0          0          0   _printf_percent_end.o
        22          0          0          0          0        100   _rserrno.o
        16          0          0          0          0         68   aeabi_memset.o
        12          0          0          0          0         72   exit.o
         8          0          0          0          0         68   ferror.o
         6          0          0          0          0        152   heapauxi.o
         2          0          0          0          0          0   libinit.o
         2          0          0          0          0          0   libinit2.o
         2          0          0          0          0          0   libshutdown.o
         2          0          0          0          0          0   libshutdown2.o
         8          4          0          0         96         68   libspace.o
        72          0          0          0          0         76   llsdiv.o
       238          0          0          0          0        100   lludivv7m.o
        88          0          0          0          0         76   memcmp.o
        24          4          0          0          0         84   noretval__2printf.o
         8          4          0          0          0         68   rt_errno_addr_intlibspace.o
        68          0          0          0          0         68   rt_memclr.o
        78          0          0          0          0         80   rt_memclr_w.o
         2          0          0          0          0          0   rtexit.o
        10          0          0          0          0          0   rtexit2.o
        74          0          0          0          0         80   sys_stackheap_outer.o
         2          0          0          0          0         68   use_no_semi.o
         2          0          0          0          0         68   use_no_semi_2.o
        98          4          0          0          0         92   d2f.o
       826         16          0          0          0        348   daddsub_clz.o
        16          4          0          0          0         68   dcheck1.o
       688        140          0          0          0        208   ddiv.o
        94          4          0          0          0         92   dfix.o
        84          0          0          0          0        136   dflt_clz.o
       340         12          0          0          0        104   dmul.o
       156          4          0          0          0         92   dnaninf.o
        12          0          0          0          0         68   dretinf.o
       460         56          0          0          0        120   dsqrt_noumaal.o
        86          4          0          0          0         84   f2d.o
       430          8          0          0          0        168   faddsub_clz.o
        24          0          0          0          0         68   fcmpi.o
       388         76          0          0          0         96   fdiv.o
       104          4          0          0          0         84   feqf.o
        54          4          0          0          0         84   ffix.o
        62          4          0          0          0         84   ffixu.o
        86          0          0          0          0        136   fflt_clz.o
       104          4          0          0          0         84   fleqf.o
       258          4          0          0          0         84   fmul.o
       140          4          0          0          0         84   fnaninf.o
        10          0          0          0          0         68   fretinf.o
        98          0          0          0          0         68   frleqf.o
       100          0          0          0          0         68   retnan.o
        92          0          0          0          0         68   scalbn.o
        48          0          0          0          0         68   trapv.o
         0          0          0          0          0          0   usenofp.o
       624         52         80          0          0        168   asin.o
       544         70        152          0          0        124   atan.o
       384         38          0          0          0        144   atan2.o
        38          6          0          0          0        272   dunder.o
        40          0          0          0          0         68   fpclassify.o
       170          0          0          0          0         96   poly.o
         0          0          8          0          0          0   qnan.o
        76          0          0          0          0         84   sqrt.o

    ----------------------------------------------------------------------
      8196        564        240          0        100       5484   Library Totals
        24          0          0          0          4          0   (incl. Padding)

    ----------------------------------------------------------------------

      Code (inc. data)   RO Data    RW Data    ZI Data      Debug   Library Name

      1438         46          0          0         96       1804   c_w.l
      4858        352          0          0          0       2724   fz_ws.l
      1876        166        240          0          0        956   m_ws.l

    ----------------------------------------------------------------------
      8196        564        240          0        100       5484   Library Totals

    ----------------------------------------------------------------------

==============================================================================


      Code (inc. data)   RO Data    RW Data    ZI Data      Debug   

     37784       2330       3744        348       1924     614994   Grand Totals
     37784       2330       3744         64       1924     614994   ELF Image Totals (compressed)
     37784       2330       3744         64          0          0   ROM Totals

==============================================================================

    Total RO  Size (Code + RO Data)                41528 (  40.55kB)
    Total RW  Size (RW Data + ZI Data)              2272 (   2.22kB)
    Total ROM Size (Code + RO Data + RW Data)      41592 (  40.62kB)

==============================================================================

